Microchip MPLAB XC8 Compiler V2.05 ()

Linker command line:

-W-3 --edf=C:\Program Files (x86)\Microchip\xc8\v2.05\pic\dat\en_msgs.txt \
  -cs -h+dist/default/production\Electromecanica.X.production.sym \
  --cmf=dist/default/production\Electromecanica.X.production.cmf -z \
  -Q18F2550 -oD:\Users\BotLAB\AppData\Local\Temp\sgn4.2 \
  --defsym=__MPLAB_BUILD=1 \
  -Mdist/default/production/Electromecanica.X.production.map -E1 -ver=XC8 \
  --acfsm=1493 -ASTACK=060h-07FFh -pstack=STACK -ACODE=00h-07FFFh \
  -ACONST=00h-07FFFh -ASMALLCONST=0800h-08FFhx120 \
  -AMEDIUMCONST=0800h-07FFFh -ACOMRAM=01h-05Fh -AABS1=00h-07FFh \
  -ABIGRAM=01h-07FFh -ARAM=060h-0FFh,0100h-01FFhx7 -ABANK0=060h-0FFh \
  -ABANK1=0100h-01FFh -ABANK2=0200h-02FFh -ABANK3=0300h-03FFh \
  -ABANK4=0400h-04FFh -ABANK5=0500h-05FFh -ABANK6=0600h-06FFh \
  -ABANK7=0700h-07FFh -ASFR=0F60h-0FFFh \
  -preset_vec=00h,intcode,intcodelo,powerup,init -pramtop=0800h \
  -psmallconst=SMALLCONST -pmediumconst=MEDIUMCONST -pconst=CONST \
  -AFARRAM=00h-00h -ACONFIG=0300000h-030000Dh -pconfig=CONFIG \
  -AIDLOC=0200000h-0200007h -pidloc=IDLOC -AEEDATA=0F00000h-0F000FFh \
  -peeprom_data=EEDATA \
  -prdata=COMRAM,nvrram=COMRAM,nvbit=COMRAM,rbss=COMRAM,rbit=COMRAM \
  -pfarbss=FARRAM,fardata=FARRAM,nvFARRAM=FARRAM \
  -pintsave_regs=BIGRAM,bigbss=BIGRAM,bigdata=BIGRAM -pbss=RAM \
  -pidata=CODE,irdata=CODE,ibigdata=CODE,ifardata=CODE -prparam=COMRAM \
  D:\Users\BotLAB\AppData\Local\Temp\sgn4.o \
  dist/default/production\Electromecanica.X.production.o 

Object code version is 3.11

Machine type is 18F2550

Call graph: (short form)




                Name                               Link     Load   Length Selector   Space Scale
D:\Users\BotLAB\AppData\Local\Temp\sgn4.o
                init                                  0        0        4        0       0
                idloc                            200000   200000        8   200000       0
                config                           300000   300000        E   300000       0
dist/default/production\Electromecanica.X.production.o
                text50                             6144     6144       28     30A2       0
                text49                             60C2     60C2        A     3061       0
                text48                             60DA     60DA       22     306D       0
                text47                             616C     616C       28     30B6       0
                text46                             6B6E     6B6E      10E     35B7       0
                text45                             611E     611E       26     308F       0
                text44                             60CC     60CC        E     3066       0
                text43                             76B2     76B2      3D8     3B59       0
                text42                             681A     681A       78     340D       0
                text41                             63A4     63A4       32     31D2       0
                text40                             63D6     63D6       32     31EB       0
                text39                             6408     6408       32     3204       0
                text38                             643A     643A       32     321D       0
                text37                             6194     6194       30     30CA       0
                text36                             61C4     61C4       30     30E2       0
                text35                             675A     675A       34     33AD       0
                text34                             61F4     61F4       30     30FA       0
                text33                             646C     646C       32     3236       0
                text32                             691A     691A       8A     348D       0
                text31                             60FC     60FC       22     307E       0
                text30                             6A7A     6A7A       F4     353D       0
                text29                             649E     649E       32     324F       0
                text28                             64D0     64D0       32     3268       0
                text27                             6502     6502       32     3281       0
                text26                             6534     6534       32     329A       0
                text25                             6566     6566       32     32B3       0
                text24                             6598     6598       32     32CC       0
                text23                             6224     6224       30     3112       0
                text22                             6254     6254       30     312A       0
                text21                             6284     6284       30     3142       0
                text20                             62B4     62B4       30     315A       0
                text19                             62E4     62E4       30     3172       0
                text18                             6314     6314       30     318A       0
                text17                             6344     6344       30     31A2       0
                text16                             6374     6374       30     31BA       0
                text15                             70DA     70DA      2EC     386D       0
                text14                             65CA     65CA       32     32E5       0
                text13                             65FC     65FC       32     32FE       0
                text12                             662E     662E       32     3317       0
                text11                             6660     6660       32     3330       0
                text10                             6692     6692       32     3349       0
                text9                              66C4     66C4       32     3362       0
                text8                              66F6     66F6       32     337B       0
                text7                              6728     6728       32     3394       0
                text6                              6E12     6E12      2C8     3709       0
                text5                              73C6     73C6      2EC     39E3       0
                text4                              6C7C     6C7C      196     363E       0
                text3                              69A4     69A4       D6     34D2       0
                text2                              67C4     67C4       56     33E2       0
                text1                              7A8A     7A8A      576     3D45       0
                text0                              6892     6892       88     3449       0
                cstackCOMRAM                         37       37       11        1       1
                dataCOMRAM                           4F       4F        7        1       1
                bssCOMRAM                             1        1       36        1       1
                cinit                              678E     678E       36     33C7       0
                nvCOMRAM                             48       48        7        1       1
                idataCOMRAM                        60BB     60BB        7     60BB       0

TOTAL           Name                               Link     Load   Length     Space
        CLASS   STACK          

        CLASS   CODE           
                init                                  0        0        4         0
                text50                             6144     6144       28         0
                text49                             60C2     60C2        A         0
                text48                             60DA     60DA       22         0
                text47                             616C     616C       28         0
                text46                             6B6E     6B6E      10E         0
                text45                             611E     611E       26         0
                text44                             60CC     60CC        E         0
                text43                             76B2     76B2      3D8         0
                text42                             681A     681A       78         0
                text41                             63A4     63A4       32         0
                text40                             63D6     63D6       32         0
                text39                             6408     6408       32         0
                text38                             643A     643A       32         0
                text37                             6194     6194       30         0
                text36                             61C4     61C4       30         0
                text35                             675A     675A       34         0
                text34                             61F4     61F4       30         0
                text33                             646C     646C       32         0
                text32                             691A     691A       8A         0
                text31                             60FC     60FC       22         0
                text30                             6A7A     6A7A       F4         0
                text29                             649E     649E       32         0
                text28                             64D0     64D0       32         0
                text27                             6502     6502       32         0
                text26                             6534     6534       32         0
                text25                             6566     6566       32         0
                text24                             6598     6598       32         0
                text23                             6224     6224       30         0
                text22                             6254     6254       30         0
                text21                             6284     6284       30         0
                text20                             62B4     62B4       30         0
                text19                             62E4     62E4       30         0
                text18                             6314     6314       30         0
                text17                             6344     6344       30         0
                text16                             6374     6374       30         0
                text15                             70DA     70DA      2EC         0
                text14                             65CA     65CA       32         0
                text13                             65FC     65FC       32         0
                text12                             662E     662E       32         0
                text11                             6660     6660       32         0
                text10                             6692     6692       32         0
                text9                              66C4     66C4       32         0
                text8                              66F6     66F6       32         0
                text7                              6728     6728       32         0
                text6                              6E12     6E12      2C8         0
                text5                              73C6     73C6      2EC         0
                text4                              6C7C     6C7C      196         0
                text3                              69A4     69A4       D6         0
                text2                              67C4     67C4       56         0
                text1                              7A8A     7A8A      576         0
                text0                              6892     6892       88         0
                cinit                              678E     678E       36         0
                idataCOMRAM                        60BB     60BB        7         0

        CLASS   CONST          

        CLASS   SMALLCONST     

        CLASS   MEDIUMCONST    

        CLASS   COMRAM         
                cstackCOMRAM                         37       37       11         1
                dataCOMRAM                           4F       4F        7         1
                bssCOMRAM                             1        1       36         1
                nvCOMRAM                             48       48        7         1

        CLASS   ABS1           

        CLASS   BIGRAM         

        CLASS   RAM            

        CLASS   BANK0          

        CLASS   BANK1          

        CLASS   BANK2          

        CLASS   BANK3          

        CLASS   BANK4          

        CLASS   BANK5          

        CLASS   BANK6          

        CLASS   BANK7          

        CLASS   SFR            

        CLASS   FARRAM         

        CLASS   CONFIG         
                config                           300000   300000        E         0

        CLASS   IDLOC          
                idloc                            200000   200000        8         0

        CLASS   EEDATA         



SEGMENTS        Name                           Load    Length   Top    Selector   Space  Class

                reset_vec                      000000  000004  000004         0       0  CODE    
                bssCOMRAM                      000001  000055  000056         1       1  COMRAM  
                idataCOMRAM                    0060BB  000007  0060C2      60BB       0  CODE    
                text49                         0060C2  00000A  0060CC      3061       0  CODE    
                text44                         0060CC  00000E  0060DA      3066       0  CODE    
                text48                         0060DA  000022  0060FC      306D       0  CODE    
                text31                         0060FC  000022  00611E      307E       0  CODE    
                text45                         00611E  000026  006144      308F       0  CODE    
                text50                         006144  000028  00616C      30A2       0  CODE    
                text47                         00616C  000028  006194      30B6       0  CODE    
                text37                         006194  000030  0061C4      30CA       0  CODE    
                text36                         0061C4  000030  0061F4      30E2       0  CODE    
                text34                         0061F4  000030  006224      30FA       0  CODE    
                text23                         006224  000030  006254      3112       0  CODE    
                text22                         006254  000030  006284      312A       0  CODE    
                text21                         006284  000030  0062B4      3142       0  CODE    
                text20                         0062B4  000030  0062E4      315A       0  CODE    
                text19                         0062E4  000030  006314      3172       0  CODE    
                text18                         006314  000030  006344      318A       0  CODE    
                text17                         006344  000030  006374      31A2       0  CODE    
                text16                         006374  000030  0063A4      31BA       0  CODE    
                text41                         0063A4  000032  0063D6      31D2       0  CODE    
                text40                         0063D6  000032  006408      31EB       0  CODE    
                text39                         006408  000032  00643A      3204       0  CODE    
                text38                         00643A  000032  00646C      321D       0  CODE    
                text33                         00646C  000032  00649E      3236       0  CODE    
                text29                         00649E  000032  0064D0      324F       0  CODE    
                text28                         0064D0  000032  006502      3268       0  CODE    
                text27                         006502  000032  006534      3281       0  CODE    
                text26                         006534  000032  006566      329A       0  CODE    
                text25                         006566  000032  006598      32B3       0  CODE    
                text24                         006598  000032  0065CA      32CC       0  CODE    
                text14                         0065CA  000032  0065FC      32E5       0  CODE    
                text13                         0065FC  000032  00662E      32FE       0  CODE    
                text12                         00662E  000032  006660      3317       0  CODE    
                text11                         006660  000032  006692      3330       0  CODE    
                text10                         006692  000032  0066C4      3349       0  CODE    
                text9                          0066C4  000032  0066F6      3362       0  CODE    
                text8                          0066F6  000032  006728      337B       0  CODE    
                text7                          006728  000032  00675A      3394       0  CODE    
                text35                         00675A  000034  00678E      33AD       0  CODE    
                cinit                          00678E  000036  0067C4      33C7       0  CODE    
                text2                          0067C4  000056  00681A      33E2       0  CODE    
                text42                         00681A  000078  006892      340D       0  CODE    
                text0                          006892  000088  00691A      3449       0  CODE    
                text32                         00691A  00008A  0069A4      348D       0  CODE    
                text3                          0069A4  0000D6  006A7A      34D2       0  CODE    
                text30                         006A7A  0000F4  006B6E      353D       0  CODE    
                text46                         006B6E  00010E  006C7C      35B7       0  CODE    
                text4                          006C7C  000196  006E12      363E       0  CODE    
                text6                          006E12  0002C8  0070DA      3709       0  CODE    
                text15                         0070DA  0002EC  0073C6      386D       0  CODE    
                text5                          0073C6  0002EC  0076B2      39E3       0  CODE    
                text43                         0076B2  0003D8  007A8A      3B59       0  CODE    
                text1                          007A8A  000576  008000      3D45       0  CODE    
                idloc                          200000  000008  200008    200000       0  IDLOC   
                config                         300000  00000E  30000E    300000       0  CONFIG  


UNUSED ADDRESS RANGES

        Name                Unused          Largest block    Delta
        BANK0            000060-0000FF               A0
        BANK1            000100-0001FF              100
        BANK2            000200-0002FF              100
        BANK3            000300-0003FF              100
        BANK4            000400-0004FF              100
        BANK5            000500-0005FF              100
        BANK6            000600-0006FF              100
        BANK7            000700-0007FF              100
        BIGRAM           000056-0007FF              7AA
        CODE             000004-0060BA             60B7
        COMRAM           000056-00005F                A
        CONST            000004-0060BA             60B7
        EEDATA           F00000-F000FF              100
        MEDIUMCONST      000800-0060BA             58BB
        RAM              000060-0007FF              100
        SFR              000F60-000FFF               A0
        SMALLCONST       000800-0060BA              100
        STACK            000060-0007FF              7A0

                                  Symbol Table

?_Analog_Read                cstackCOMRAM 000037
?___lmul                     cstackCOMRAM 000037
?___wmul                     cstackCOMRAM 000037
Open_Lock@Value_Latch        cstackCOMRAM 000045
_ADC                         bssCOMRAM    000023
_ADCON0bits                  (abs)        000FC2
_ADCON1                      (abs)        000FC1
_ADCON2bits                  (abs)        000FC0
_ADRESH                      (abs)        000FC4
_ADRESL                      (abs)        000FC3
_Analog_Read                 text50       006144
_Buffer1                     bssCOMRAM    000001
_Button_Menu_Down_State      bssCOMRAM    000032
_Button_Menu_Up_State        bssCOMRAM    000033
_Clear                       text49       0060C2
_Close_Lock                  text43       0076B2
_Closing                     text46       006B6E
_Count_Auto_Close            bssCOMRAM    000019
_Count_Exit_Menu             bssCOMRAM    000011
_Count_Led                   bssCOMRAM    000025
_Count_Peake_Current         bssCOMRAM    00002B
_Count_Push_Button           bssCOMRAM    000027
_Count_Save                  bssCOMRAM    000015
_Count_Time_Close            bssCOMRAM    00001D
_Current                     bssCOMRAM    000029
_Draw_0                      text37       006194
_Draw_1                      text36       0061C4
_Draw_10                     text29       00649E
_Draw_11                     text28       0064D0
_Draw_12                     text27       006502
_Draw_13                     text26       006534
_Draw_14                     text25       006566
_Draw_15                     text24       006598
_Draw_16                     text14       0065CA
_Draw_18                     text13       0065FC
_Draw_2                      text23       006224
_Draw_20                     text12       00662E
_Draw_22                     text11       006660
_Draw_24                     text10       006692
_Draw_26                     text9        0066C4
_Draw_28                     text8        0066F6
_Draw_3                      text22       006254
_Draw_30                     text7        006728
_Draw_4                      text21       006284
_Draw_5                      text20       0062B4
_Draw_6                      text19       0062E4
_Draw_7                      text18       006314
_Draw_8                      text17       006344
_Draw_9                      text16       006374
_Draw_CL                     text48       0060DA
_Draw_P1                     text41       0063A4
_Draw_P2                     text40       0063D6
_Draw_P3                     text39       006408
_Draw_P4                     text38       00643A
_Draw_Save_Dot_One           text34       0061F4
_Draw_Save_Dot_Two           text33       00646C
_EEADR                       (abs)        000FA9
_EECON1bits                  (abs)        000FA6
_EECON2                      (abs)        000FA7
_EEDATA                      (abs)        000FA8
_End_Stop_Close_State        nvCOMRAM     00004D
_End_Stop_Open_State         bssCOMRAM    000034
_Exit_Time_Menu              text35       00675A
_Flag_End_Stop_Open          bssCOMRAM    00002D
_Flag_Latch                  bssCOMRAM    00002E
_Flag_Menu                   bssCOMRAM    00002F
_INTCONbits                  (abs)        000FF2
_Indicator                   text42       00681A
_Inductive_State             nvCOMRAM     00004E
_Last_Button_Menu_Down_State dataCOMRAM   000053
_Last_Button_Menu_Up_State   dataCOMRAM   000054
_Last_Inductive_State        bssCOMRAM    000036
_Last_Open_Contact_State     dataCOMRAM   000055
_Latch                       nvCOMRAM     00004C
_Menu                        text4        006C7C
_Menu_In                     text3        0069A4
_Menu_P1                     text30       006A7A
_Menu_P2                     text15       0070DA
_Menu_P3                     text6        006E12
_Menu_P4                     text5        0073C6
_Open_Contact_State          bssCOMRAM    000035
_Open_Lock                   text1        007A8A
_PORTAbits                   (abs)        000F80
_PORTB                       (abs)        000F81
_PORTCbits                   (abs)        000F82
_Recording                   text32       00691A
_Sense_Current               text47       00616C
_TRISAbits                   (abs)        000F92
_TRISB                       (abs)        000F93
_TRISCbits                   (abs)        000F94
_Time_Auto_Close             dataCOMRAM   00004F
_Time_Inductive_State        nvCOMRAM     00004A
_Time_Open_State             nvCOMRAM     000048
_Toggle_Down                 bssCOMRAM    000030
_Toggle_Up                   bssCOMRAM    000031
__CFG_BOR$OFF                (abs)        000000
__CFG_BORV$3                 (abs)        000000
__CFG_CCP2MX$ON              (abs)        000000
__CFG_CP0$OFF                (abs)        000000
__CFG_CP1$OFF                (abs)        000000
__CFG_CP2$OFF                (abs)        000000
__CFG_CP3$OFF                (abs)        000000
__CFG_CPB$OFF                (abs)        000000
__CFG_CPD$OFF                (abs)        000000
__CFG_CPUDIV$OSC1_PLL2       (abs)        000000
__CFG_EBTR0$OFF              (abs)        000000
__CFG_EBTR1$OFF              (abs)        000000
__CFG_EBTR2$OFF              (abs)        000000
__CFG_EBTR3$OFF              (abs)        000000
__CFG_EBTRB$OFF              (abs)        000000
__CFG_FCMEN$OFF              (abs)        000000
__CFG_FOSC$HS                (abs)        000000
__CFG_IESO$OFF               (abs)        000000
__CFG_LPT1OSC$OFF            (abs)        000000
__CFG_LVP$OFF                (abs)        000000
__CFG_MCLRE$ON               (abs)        000000
__CFG_PBADEN$ON              (abs)        000000
__CFG_PLLDIV$1               (abs)        000000
__CFG_PWRT$OFF               (abs)        000000
__CFG_STVREN$ON              (abs)        000000
__CFG_USBDIV$1               (abs)        000000
__CFG_VREGEN$OFF             (abs)        000000
__CFG_WDT$OFF                (abs)        000000
__CFG_WDTPS$32768            (abs)        000000
__CFG_WRT0$OFF               (abs)        000000
__CFG_WRT1$OFF               (abs)        000000
__CFG_WRT2$OFF               (abs)        000000
__CFG_WRT3$OFF               (abs)        000000
__CFG_WRTB$OFF               (abs)        000000
__CFG_WRTC$OFF               (abs)        000000
__CFG_WRTD$OFF               (abs)        000000
__CFG_XINST$OFF              (abs)        000000
__HRAM                       (abs)        000000
__Habs1                      abs1         000000
__Hbank0                     bank0        000000
__Hbank1                     bank1        000000
__Hbank2                     bank2        000000
__Hbank3                     bank3        000000
__Hbank4                     bank4        000000
__Hbank5                     bank5        000000
__Hbank6                     bank6        000000
__Hbank7                     bank7        000000
__Hbigbss                    bigbss       000000
__Hbigdata                   bigdata      000000
__Hbigram                    bigram       000000
__Hbss                       bss          000000
__HbssCOMRAM                 bssCOMRAM    000000
__Hcinit                     cinit        000000
__Hclrtext                   clrtext      000000
__Hcomram                    comram       000000
__Hconfig                    config       30000E
__Hconst                     const        000000
__HcstackCOMRAM              cstackCOMRAM 000000
__Hdata                      data         000000
__HdataCOMRAM                dataCOMRAM   000000
__Heeprom_data               eeprom_data  000000
__Hfarbss                    farbss       000000
__Hfardata                   fardata      000000
__Hibigdata                  ibigdata     000000
__Hidata                     idata        000000
__HidataCOMRAM               idataCOMRAM  000000
__Hidloc                     idloc        200008
__Hifardata                  ifardata     000000
__Hinit                      init         000004
__Hintcode                   intcode      000000
__Hintcode_body              intcode_body 000000
__Hintcodelo                 intcodelo    000000
__Hintentry                  intentry     000000
__Hintret                    intret       000000
__Hintsave_regs              intsave_regs 000000
__Hirdata                    irdata       000000
__Hmediumconst               mediumconst  000000
__HnvCOMRAM                  nvCOMRAM     000000
__HnvFARRAM                  nvFARRAM     000000
__Hnvbit                     nvbit        000000
__Hnvrram                    nvrram       000000
__Hparam                     rparam       000000
__Hpowerup                   powerup      000000
__Hram                       ram          000000
__Hramtop                    ramtop       000800
__Hrbit                      rbit         000000
__Hrbss                      rbss         000000
__Hrdata                     rdata        000000
__Hreset_vec                 reset_vec    000000
__Hrparam                    rparam       000000
__Hsfr                       sfr          000000
__Hsmallconst                smallconst   000000
__Hspace_0                   (abs)        30000E
__Hspace_1                   (abs)        000056
__Hspace_2                   (abs)        000000
__Hstack                     stack        000000
__Hstruct                    struct       000000
__Htemp                      temp         000000
__Htext                      text         000000
__Htext0                     text0        000000
__Htext1                     text1        000000
__Htext10                    text10       000000
__Htext11                    text11       000000
__Htext12                    text12       000000
__Htext13                    text13       000000
__Htext14                    text14       000000
__Htext15                    text15       000000
__Htext16                    text16       000000
__Htext17                    text17       000000
__Htext18                    text18       000000
__Htext19                    text19       000000
__Htext2                     text2        000000
__Htext20                    text20       000000
__Htext21                    text21       000000
__Htext22                    text22       000000
__Htext23                    text23       000000
__Htext24                    text24       000000
__Htext25                    text25       000000
__Htext26                    text26       000000
__Htext27                    text27       000000
__Htext28                    text28       000000
__Htext29                    text29       000000
__Htext3                     text3        000000
__Htext30                    text30       000000
__Htext31                    text31       000000
__Htext32                    text32       000000
__Htext33                    text33       000000
__Htext34                    text34       000000
__Htext35                    text35       000000
__Htext36                    text36       000000
__Htext37                    text37       000000
__Htext38                    text38       000000
__Htext39                    text39       000000
__Htext4                     text4        000000
__Htext40                    text40       000000
__Htext41                    text41       000000
__Htext42                    text42       000000
__Htext43                    text43       000000
__Htext44                    text44       000000
__Htext45                    text45       000000
__Htext46                    text46       000000
__Htext47                    text47       000000
__Htext48                    text48       000000
__Htext49                    text49       000000
__Htext5                     text5        000000
__Htext50                    text50       000000
__Htext6                     text6        000000
__Htext7                     text7        000000
__Htext8                     text8        000000
__Htext9                     text9        000000
__LRAM                       (abs)        000001
__Labs1                      abs1         000000
__Lbank0                     bank0        000000
__Lbank1                     bank1        000000
__Lbank2                     bank2        000000
__Lbank3                     bank3        000000
__Lbank4                     bank4        000000
__Lbank5                     bank5        000000
__Lbank6                     bank6        000000
__Lbank7                     bank7        000000
__Lbigbss                    bigbss       000000
__Lbigdata                   bigdata      000000
__Lbigram                    bigram       000000
__Lbss                       bss          000000
__LbssCOMRAM                 bssCOMRAM    000000
__Lcinit                     cinit        000000
__Lclrtext                   clrtext      000000
__Lcomram                    comram       000000
__Lconfig                    config       300000
__Lconst                     const        000000
__LcstackCOMRAM              cstackCOMRAM 000000
__Ldata                      data         000000
__LdataCOMRAM                dataCOMRAM   000000
__Leeprom_data               eeprom_data  000000
__Lfarbss                    farbss       000000
__Lfardata                   fardata      000000
__Libigdata                  ibigdata     000000
__Lidata                     idata        000000
__LidataCOMRAM               idataCOMRAM  000000
__Lidloc                     idloc        200000
__Lifardata                  ifardata     000000
__Linit                      init         000000
__Lintcode                   intcode      000000
__Lintcode_body              intcode_body 000000
__Lintcodelo                 intcodelo    000000
__Lintentry                  intentry     000000
__Lintret                    intret       000000
__Lintsave_regs              intsave_regs 000000
__Lirdata                    irdata       000000
__Lmediumconst               mediumconst  000000
__LnvCOMRAM                  nvCOMRAM     000000
__LnvFARRAM                  nvFARRAM     000000
__Lnvbit                     nvbit        000000
__Lnvrram                    nvrram       000000
__Lparam                     rparam       000000
__Lpowerup                   powerup      000000
__Lram                       ram          000000
__Lramtop                    ramtop       000800
__Lrbit                      rbit         000000
__Lrbss                      rbss         000000
__Lrdata                     rdata        000000
__Lreset_vec                 reset_vec    000000
__Lrparam                    rparam       000000
__Lsfr                       sfr          000000
__Lsmallconst                smallconst   000000
__Lspace_0                   (abs)        000000
__Lspace_1                   (abs)        000000
__Lspace_2                   (abs)        000000
__Lstack                     stack        000000
__Lstruct                    struct       000000
__Ltemp                      temp         000000
__Ltext                      text         000000
__Ltext0                     text0        000000
__Ltext1                     text1        000000
__Ltext10                    text10       000000
__Ltext11                    text11       000000
__Ltext12                    text12       000000
__Ltext13                    text13       000000
__Ltext14                    text14       000000
__Ltext15                    text15       000000
__Ltext16                    text16       000000
__Ltext17                    text17       000000
__Ltext18                    text18       000000
__Ltext19                    text19       000000
__Ltext2                     text2        000000
__Ltext20                    text20       000000
__Ltext21                    text21       000000
__Ltext22                    text22       000000
__Ltext23                    text23       000000
__Ltext24                    text24       000000
__Ltext25                    text25       000000
__Ltext26                    text26       000000
__Ltext27                    text27       000000
__Ltext28                    text28       000000
__Ltext29                    text29       000000
__Ltext3                     text3        000000
__Ltext30                    text30       000000
__Ltext31                    text31       000000
__Ltext32                    text32       000000
__Ltext33                    text33       000000
__Ltext34                    text34       000000
__Ltext35                    text35       000000
__Ltext36                    text36       000000
__Ltext37                    text37       000000
__Ltext38                    text38       000000
__Ltext39                    text39       000000
__Ltext4                     text4        000000
__Ltext40                    text40       000000
__Ltext41                    text41       000000
__Ltext42                    text42       000000
__Ltext43                    text43       000000
__Ltext44                    text44       000000
__Ltext45                    text45       000000
__Ltext46                    text46       000000
__Ltext47                    text47       000000
__Ltext48                    text48       000000
__Ltext49                    text49       000000
__Ltext5                     text5        000000
__Ltext50                    text50       000000
__Ltext6                     text6        000000
__Ltext7                     text7        000000
__Ltext8                     text8        000000
__Ltext9                     text9        000000
__S0                         (abs)        30000E
__S1                         (abs)        000056
__S2                         (abs)        000000
___inthi_sp                  stack        000000
___intlo_sp                  stack        000000
___lmul                      text2        0067C4
___lmul@multiplicand         cstackCOMRAM 00003B
___lmul@multiplier           cstackCOMRAM 000037
___lmul@product              cstackCOMRAM 00003F
___param_bank                (abs)        000000
___rparam_used               (abs)        000001
___sp                        stack        000000
___wmul                      text45       00611E
___wmul@multiplicand         cstackCOMRAM 000039
___wmul@multiplier           cstackCOMRAM 000037
___wmul@product              cstackCOMRAM 00003B
__accesstop                  (abs)        000060
__activetblptr               (abs)        000002
__end_of_Analog_Read         text50       00616C
__end_of_Clear               text49       0060CC
__end_of_Close_Lock          text43       007A8A
__end_of_Closing             text46       006C7C
__end_of_Draw_0              text37       0061C4
__end_of_Draw_1              text36       0061F4
__end_of_Draw_10             text29       0064D0
__end_of_Draw_11             text28       006502
__end_of_Draw_12             text27       006534
__end_of_Draw_13             text26       006566
__end_of_Draw_14             text25       006598
__end_of_Draw_15             text24       0065CA
__end_of_Draw_16             text14       0065FC
__end_of_Draw_18             text13       00662E
__end_of_Draw_2              text23       006254
__end_of_Draw_20             text12       006660
__end_of_Draw_22             text11       006692
__end_of_Draw_24             text10       0066C4
__end_of_Draw_26             text9        0066F6
__end_of_Draw_28             text8        006728
__end_of_Draw_3              text22       006284
__end_of_Draw_30             text7        00675A
__end_of_Draw_4              text21       0062B4
__end_of_Draw_5              text20       0062E4
__end_of_Draw_6              text19       006314
__end_of_Draw_7              text18       006344
__end_of_Draw_8              text17       006374
__end_of_Draw_9              text16       0063A4
__end_of_Draw_CL             text48       0060FC
__end_of_Draw_P1             text41       0063D6
__end_of_Draw_P2             text40       006408
__end_of_Draw_P3             text39       00643A
__end_of_Draw_P4             text38       00646C
__end_of_Draw_Save_Dot_One   text34       006224
__end_of_Draw_Save_Dot_Two   text33       00649E
__end_of_Exit_Time_Menu      text35       00678E
__end_of_Indicator           text42       006892
__end_of_Menu                text4        006E12
__end_of_Menu_In             text3        006A7A
__end_of_Menu_P1             text30       006B6E
__end_of_Menu_P2             text15       0073C6
__end_of_Menu_P3             text6        0070DA
__end_of_Menu_P4             text5        0076B2
__end_of_Open_Lock           text1        008000
__end_of_Recording           text32       0069A4
__end_of_Sense_Current       text47       006194
__end_of___lmul              text2        00681A
__end_of___wmul              text45       006144
__end_of__initialization     cinit        0067BA
__end_of_eeprom_readx        text44       0060DA
__end_of_eeprom_writex       text31       00611E
__end_of_main                text0        00691A
__initialization             cinit        00678E
__mediumconst                mediumconst  000000
__pbssCOMRAM                 bssCOMRAM    000001
__pcinit                     cinit        00678E
__pcstackCOMRAM              cstackCOMRAM 000037
__pdataCOMRAM                dataCOMRAM   00004F
__pidataCOMRAM               idataCOMRAM  0060BB
__pnvCOMRAM                  nvCOMRAM     000048
__ptext0                     text0        006892
__ptext1                     text1        007A8A
__ptext10                    text10       006692
__ptext11                    text11       006660
__ptext12                    text12       00662E
__ptext13                    text13       0065FC
__ptext14                    text14       0065CA
__ptext15                    text15       0070DA
__ptext16                    text16       006374
__ptext17                    text17       006344
__ptext18                    text18       006314
__ptext19                    text19       0062E4
__ptext2                     text2        0067C4
__ptext20                    text20       0062B4
__ptext21                    text21       006284
__ptext22                    text22       006254
__ptext23                    text23       006224
__ptext24                    text24       006598
__ptext25                    text25       006566
__ptext26                    text26       006534
__ptext27                    text27       006502
__ptext28                    text28       0064D0
__ptext29                    text29       00649E
__ptext3                     text3        0069A4
__ptext30                    text30       006A7A
__ptext31                    text31       0060FC
__ptext32                    text32       00691A
__ptext33                    text33       00646C
__ptext34                    text34       0061F4
__ptext35                    text35       00675A
__ptext36                    text36       0061C4
__ptext37                    text37       006194
__ptext38                    text38       00643A
__ptext39                    text39       006408
__ptext4                     text4        006C7C
__ptext40                    text40       0063D6
__ptext41                    text41       0063A4
__ptext42                    text42       00681A
__ptext43                    text43       0076B2
__ptext44                    text44       0060CC
__ptext45                    text45       00611E
__ptext46                    text46       006B6E
__ptext47                    text47       00616C
__ptext48                    text48       0060DA
__ptext49                    text49       0060C2
__ptext5                     text5        0073C6
__ptext50                    text50       006144
__ptext6                     text6        006E12
__ptext7                     text7        006728
__ptext8                     text8        0066F6
__ptext9                     text9        0066C4
__ramtop                     ramtop       000800
__size_of_Analog_Read        (abs)        000000
__size_of_Clear              (abs)        000000
__size_of_Close_Lock         (abs)        000000
__size_of_Closing            (abs)        000000
__size_of_Draw_0             (abs)        000000
__size_of_Draw_1             (abs)        000000
__size_of_Draw_10            (abs)        000000
__size_of_Draw_11            (abs)        000000
__size_of_Draw_12            (abs)        000000
__size_of_Draw_13            (abs)        000000
__size_of_Draw_14            (abs)        000000
__size_of_Draw_15            (abs)        000000
__size_of_Draw_16            (abs)        000000
__size_of_Draw_18            (abs)        000000
__size_of_Draw_2             (abs)        000000
__size_of_Draw_20            (abs)        000000
__size_of_Draw_22            (abs)        000000
__size_of_Draw_24            (abs)        000000
__size_of_Draw_26            (abs)        000000
__size_of_Draw_28            (abs)        000000
__size_of_Draw_3             (abs)        000000
__size_of_Draw_30            (abs)        000000
__size_of_Draw_4             (abs)        000000
__size_of_Draw_5             (abs)        000000
__size_of_Draw_6             (abs)        000000
__size_of_Draw_7             (abs)        000000
__size_of_Draw_8             (abs)        000000
__size_of_Draw_9             (abs)        000000
__size_of_Draw_CL            (abs)        000000
__size_of_Draw_P1            (abs)        000000
__size_of_Draw_P2            (abs)        000000
__size_of_Draw_P3            (abs)        000000
__size_of_Draw_P4            (abs)        000000
__size_of_Draw_Save_Dot_One  (abs)        000000
__size_of_Draw_Save_Dot_Two  (abs)        000000
__size_of_Exit_Time_Menu     (abs)        000000
__size_of_Indicator          (abs)        000000
__size_of_Menu               (abs)        000000
__size_of_Menu_In            (abs)        000000
__size_of_Menu_P1            (abs)        000000
__size_of_Menu_P2            (abs)        000000
__size_of_Menu_P3            (abs)        000000
__size_of_Menu_P4            (abs)        000000
__size_of_Open_Lock          (abs)        000000
__size_of_Recording          (abs)        000000
__size_of_Sense_Current      (abs)        000000
__size_of___lmul             (abs)        000000
__size_of___wmul             (abs)        000000
__size_of_eeprom_readx       (abs)        000000
__size_of_eeprom_writex      (abs)        000000
__size_of_main               (abs)        000000
__smallconst                 smallconst   000000
_data_test                   bssCOMRAM    000021
_eeprom_readx                text44       0060CC
_eeprom_writex               text31       0060FC
_main                        text0        006892
eeprom_readx@address         cstackCOMRAM 000037
eeprom_writex@address        cstackCOMRAM 000037
eeprom_writex@data           cstackCOMRAM 000039
end_of_initialization        cinit        0067BA
intlevel0                    text         000000
intlevel1                    text         000000
intlevel2                    text         000000
intlevel3                    text         000000
stackhi                      (abs)        0007FF
stacklo                      (abs)        000060
start                        init         000000
start_initialization         cinit        00678E


FUNCTION INFORMATION:

 *************** function _main *****************
 Defined at:
		line 133 in file "main.c"
 Parameters:    Size  Location     Type
		None
 Auto vars:     Size  Location     Type
		None
 Return value:  Size  Location     Type
                  1    wreg      void 
 Registers used:
		wreg, status,2, status,0, prodl, prodh, cstack
 Tracked objects:
		On entry : 
		On exit  : 
		Unchanged: 
 Data sizes:     COMRAM   BANK0   BANK1   BANK2   BANK3   BANK4   BANK5   BANK6   BANK7
      Params:         0       0       0       0       0       0       0       0       0
      Locals:         0       0       0       0       0       0       0       0       0
      Temps:          1       0       0       0       0       0       0       0       0
      Totals:         1       0       0       0       0       0       0       0       0
Total ram usage:        1 bytes
 Hardware stack levels required when called:    5
 This function calls:
		_Close_Lock
		_Indicator
		_Menu_In
		_Open_Lock
		_eeprom_readx
 This function is called by:
		Startup code after reset
 This function uses a non-reentrant model


 *************** function _Open_Lock *****************
 Defined at:
		line 224 in file "main.c"
 Parameters:    Size  Location     Type
		None
 Auto vars:     Size  Location     Type
  Value_Latch     2   14[COMRAM] int 
 Return value:  Size  Location     Type
                  1    wreg      void 
 Registers used:
		wreg, status,2, status,0, prodl, prodh, cstack
 Tracked objects:
		On entry : 
		On exit  : 
		Unchanged: 
 Data sizes:     COMRAM   BANK0   BANK1   BANK2   BANK3   BANK4   BANK5   BANK6   BANK7
      Params:         0       0       0       0       0       0       0       0       0
      Locals:         2       0       0       0       0       0       0       0       0
      Temps:          2       0       0       0       0       0       0       0       0
      Totals:         4       0       0       0       0       0       0       0       0
Total ram usage:        4 bytes
 Hardware stack levels used:    1
 Hardware stack levels required when called:    3
 This function calls:
		_Closing
		_Sense_Current
		___lmul
		___wmul
		_eeprom_readx
 This function is called by:
		_main
 This function uses a non-reentrant model


 *************** function ___lmul *****************
 Defined at:
		line 15 in file "C:\Program Files (x86)\Microchip\xc8\v2.05\pic\sources\c99\common\Umul32.c"
 Parameters:    Size  Location     Type
  multiplier      4    0[COMRAM] unsigned long 
  multiplicand    4    4[COMRAM] unsigned long 
 Auto vars:     Size  Location     Type
  product         4    8[COMRAM] unsigned long 
 Return value:  Size  Location     Type
                  4    0[COMRAM] unsigned long 
 Registers used:
		wreg, status,2, status,0
 Tracked objects:
		On entry : 
		On exit  : 
		Unchanged: 
 Data sizes:     COMRAM   BANK0   BANK1   BANK2   BANK3   BANK4   BANK5   BANK6   BANK7
      Params:         8       0       0       0       0       0       0       0       0
      Locals:         4       0       0       0       0       0       0       0       0
      Temps:          0       0       0       0       0       0       0       0       0
      Totals:        12       0       0       0       0       0       0       0       0
Total ram usage:       12 bytes
 Hardware stack levels used:    1
 This function calls:
		Nothing
 This function is called by:
		_Open_Lock
 This function uses a non-reentrant model


 *************** function _Menu_In *****************
 Defined at:
		line 403 in file "main.c"
 Parameters:    Size  Location     Type
		None
 Auto vars:     Size  Location     Type
		None
 Return value:  Size  Location     Type
                  1    wreg      void 
 Registers used:
		wreg, status,2, status,0, cstack
 Tracked objects:
		On entry : 
		On exit  : 
		Unchanged: 
 Data sizes:     COMRAM   BANK0   BANK1   BANK2   BANK3   BANK4   BANK5   BANK6   BANK7
      Params:         0       0       0       0       0       0       0       0       0
      Locals:         0       0       0       0       0       0       0       0       0
      Temps:          2       0       0       0       0       0       0       0       0
      Totals:         2       0       0       0       0       0       0       0       0
Total ram usage:        2 bytes
 Hardware stack levels used:    1
 Hardware stack levels required when called:    4
 This function calls:
		_Menu
 This function is called by:
		_main
 This function uses a non-reentrant model


 *************** function _Menu *****************
 Defined at:
		line 435 in file "main.c"
 Parameters:    Size  Location     Type
		None
 Auto vars:     Size  Location     Type
		None
 Return value:  Size  Location     Type
                  1    wreg      void 
 Registers used:
		wreg, status,2, status,0, cstack
 Tracked objects:
		On entry : 
		On exit  : 
		Unchanged: 
 Data sizes:     COMRAM   BANK0   BANK1   BANK2   BANK3   BANK4   BANK5   BANK6   BANK7
      Params:         0       0       0       0       0       0       0       0       0
      Locals:         0       0       0       0       0       0       0       0       0
      Temps:          2       0       0       0       0       0       0       0       0
      Totals:         2       0       0       0       0       0       0       0       0
Total ram usage:        2 bytes
 Hardware stack levels used:    1
 Hardware stack levels required when called:    3
 This function calls:
		_Draw_P1
		_Draw_P2
		_Draw_P3
		_Draw_P4
		_Exit_Time_Menu
		_Menu_P1
		_Menu_P2
		_Menu_P3
		_Menu_P4
 This function is called by:
		_Menu_In
 This function uses a non-reentrant model


 *************** function _Menu_P4 *****************
 Defined at:
		line 650 in file "main.c"
 Parameters:    Size  Location     Type
		None
 Auto vars:     Size  Location     Type
		None
 Return value:  Size  Location     Type
                  1    wreg      void 
 Registers used:
		wreg, status,2, status,0, cstack
 Tracked objects:
		On entry : 
		On exit  : 
		Unchanged: 
 Data sizes:     COMRAM   BANK0   BANK1   BANK2   BANK3   BANK4   BANK5   BANK6   BANK7
      Params:         0       0       0       0       0       0       0       0       0
      Locals:         0       0       0       0       0       0       0       0       0
      Temps:          2       0       0       0       0       0       0       0       0
      Totals:         2       0       0       0       0       0       0       0       0
Total ram usage:        2 bytes
 Hardware stack levels used:    1
 Hardware stack levels required when called:    2
 This function calls:
		_Draw_0
		_Draw_1
		_Draw_10
		_Draw_11
		_Draw_12
		_Draw_13
		_Draw_14
		_Draw_15
		_Draw_2
		_Draw_3
		_Draw_4
		_Draw_5
		_Draw_6
		_Draw_7
		_Draw_8
		_Draw_9
		_Exit_Time_Menu
		_Recording
		_eeprom_writex
 This function is called by:
		_Menu
 This function uses a non-reentrant model


 *************** function _Menu_P3 *****************
 Defined at:
		line 590 in file "main.c"
 Parameters:    Size  Location     Type
		None
 Auto vars:     Size  Location     Type
		None
 Return value:  Size  Location     Type
                  1    wreg      void 
 Registers used:
		wreg, status,2, status,0, cstack
 Tracked objects:
		On entry : 
		On exit  : 
		Unchanged: 
 Data sizes:     COMRAM   BANK0   BANK1   BANK2   BANK3   BANK4   BANK5   BANK6   BANK7
      Params:         0       0       0       0       0       0       0       0       0
      Locals:         0       0       0       0       0       0       0       0       0
      Temps:          2       0       0       0       0       0       0       0       0
      Totals:         2       0       0       0       0       0       0       0       0
Total ram usage:        2 bytes
 Hardware stack levels used:    1
 Hardware stack levels required when called:    2
 This function calls:
		_Draw_10
		_Draw_12
		_Draw_14
		_Draw_16
		_Draw_18
		_Draw_2
		_Draw_20
		_Draw_22
		_Draw_24
		_Draw_26
		_Draw_28
		_Draw_30
		_Draw_4
		_Draw_6
		_Draw_8
		_Exit_Time_Menu
		_Recording
		_eeprom_writex
 This function is called by:
		_Menu
 This function uses a non-reentrant model


 *************** function _Draw_30 *****************
 Defined at:
		line 1024 in file "main.c"
 Parameters:    Size  Location     Type
		None
 Auto vars:     Size  Location     Type
		None
 Return value:  Size  Location     Type
                  1    wreg      void 
 Registers used:
		wreg, status,2
 Tracked objects:
		On entry : 
		On exit  : 
		Unchanged: 
 Data sizes:     COMRAM   BANK0   BANK1   BANK2   BANK3   BANK4   BANK5   BANK6   BANK7
      Params:         0       0       0       0       0       0       0       0       0
      Locals:         0       0       0       0       0       0       0       0       0
      Temps:          1       0       0       0       0       0       0       0       0
      Totals:         1       0       0       0       0       0       0       0       0
Total ram usage:        1 bytes
 Hardware stack levels used:    1
 This function calls:
		Nothing
 This function is called by:
		_Menu_P3
 This function uses a non-reentrant model


 *************** function _Draw_28 *****************
 Defined at:
		line 1013 in file "main.c"
 Parameters:    Size  Location     Type
		None
 Auto vars:     Size  Location     Type
		None
 Return value:  Size  Location     Type
                  1    wreg      void 
 Registers used:
		wreg, status,2
 Tracked objects:
		On entry : 
		On exit  : 
		Unchanged: 
 Data sizes:     COMRAM   BANK0   BANK1   BANK2   BANK3   BANK4   BANK5   BANK6   BANK7
      Params:         0       0       0       0       0       0       0       0       0
      Locals:         0       0       0       0       0       0       0       0       0
      Temps:          1       0       0       0       0       0       0       0       0
      Totals:         1       0       0       0       0       0       0       0       0
Total ram usage:        1 bytes
 Hardware stack levels used:    1
 This function calls:
		Nothing
 This function is called by:
		_Menu_P3
 This function uses a non-reentrant model


 *************** function _Draw_26 *****************
 Defined at:
		line 1002 in file "main.c"
 Parameters:    Size  Location     Type
		None
 Auto vars:     Size  Location     Type
		None
 Return value:  Size  Location     Type
                  1    wreg      void 
 Registers used:
		wreg, status,2
 Tracked objects:
		On entry : 
		On exit  : 
		Unchanged: 
 Data sizes:     COMRAM   BANK0   BANK1   BANK2   BANK3   BANK4   BANK5   BANK6   BANK7
      Params:         0       0       0       0       0       0       0       0       0
      Locals:         0       0       0       0       0       0       0       0       0
      Temps:          1       0       0       0       0       0       0       0       0
      Totals:         1       0       0       0       0       0       0       0       0
Total ram usage:        1 bytes
 Hardware stack levels used:    1
 This function calls:
		Nothing
 This function is called by:
		_Menu_P3
 This function uses a non-reentrant model


 *************** function _Draw_24 *****************
 Defined at:
		line 991 in file "main.c"
 Parameters:    Size  Location     Type
		None
 Auto vars:     Size  Location     Type
		None
 Return value:  Size  Location     Type
                  1    wreg      void 
 Registers used:
		wreg, status,2
 Tracked objects:
		On entry : 
		On exit  : 
		Unchanged: 
 Data sizes:     COMRAM   BANK0   BANK1   BANK2   BANK3   BANK4   BANK5   BANK6   BANK7
      Params:         0       0       0       0       0       0       0       0       0
      Locals:         0       0       0       0       0       0       0       0       0
      Temps:          1       0       0       0       0       0       0       0       0
      Totals:         1       0       0       0       0       0       0       0       0
Total ram usage:        1 bytes
 Hardware stack levels used:    1
 This function calls:
		Nothing
 This function is called by:
		_Menu_P3
 This function uses a non-reentrant model


 *************** function _Draw_22 *****************
 Defined at:
		line 980 in file "main.c"
 Parameters:    Size  Location     Type
		None
 Auto vars:     Size  Location     Type
		None
 Return value:  Size  Location     Type
                  1    wreg      void 
 Registers used:
		wreg, status,2
 Tracked objects:
		On entry : 
		On exit  : 
		Unchanged: 
 Data sizes:     COMRAM   BANK0   BANK1   BANK2   BANK3   BANK4   BANK5   BANK6   BANK7
      Params:         0       0       0       0       0       0       0       0       0
      Locals:         0       0       0       0       0       0       0       0       0
      Temps:          1       0       0       0       0       0       0       0       0
      Totals:         1       0       0       0       0       0       0       0       0
Total ram usage:        1 bytes
 Hardware stack levels used:    1
 This function calls:
		Nothing
 This function is called by:
		_Menu_P3
 This function uses a non-reentrant model


 *************** function _Draw_20 *****************
 Defined at:
		line 969 in file "main.c"
 Parameters:    Size  Location     Type
		None
 Auto vars:     Size  Location     Type
		None
 Return value:  Size  Location     Type
                  1    wreg      void 
 Registers used:
		wreg, status,2
 Tracked objects:
		On entry : 
		On exit  : 
		Unchanged: 
 Data sizes:     COMRAM   BANK0   BANK1   BANK2   BANK3   BANK4   BANK5   BANK6   BANK7
      Params:         0       0       0       0       0       0       0       0       0
      Locals:         0       0       0       0       0       0       0       0       0
      Temps:          1       0       0       0       0       0       0       0       0
      Totals:         1       0       0       0       0       0       0       0       0
Total ram usage:        1 bytes
 Hardware stack levels used:    1
 This function calls:
		Nothing
 This function is called by:
		_Menu_P3
 This function uses a non-reentrant model


 *************** function _Draw_18 *****************
 Defined at:
		line 958 in file "main.c"
 Parameters:    Size  Location     Type
		None
 Auto vars:     Size  Location     Type
		None
 Return value:  Size  Location     Type
                  1    wreg      void 
 Registers used:
		wreg, status,2
 Tracked objects:
		On entry : 
		On exit  : 
		Unchanged: 
 Data sizes:     COMRAM   BANK0   BANK1   BANK2   BANK3   BANK4   BANK5   BANK6   BANK7
      Params:         0       0       0       0       0       0       0       0       0
      Locals:         0       0       0       0       0       0       0       0       0
      Temps:          1       0       0       0       0       0       0       0       0
      Totals:         1       0       0       0       0       0       0       0       0
Total ram usage:        1 bytes
 Hardware stack levels used:    1
 This function calls:
		Nothing
 This function is called by:
		_Menu_P3
 This function uses a non-reentrant model


 *************** function _Draw_16 *****************
 Defined at:
		line 947 in file "main.c"
 Parameters:    Size  Location     Type
		None
 Auto vars:     Size  Location     Type
		None
 Return value:  Size  Location     Type
                  1    wreg      void 
 Registers used:
		wreg, status,2
 Tracked objects:
		On entry : 
		On exit  : 
		Unchanged: 
 Data sizes:     COMRAM   BANK0   BANK1   BANK2   BANK3   BANK4   BANK5   BANK6   BANK7
      Params:         0       0       0       0       0       0       0       0       0
      Locals:         0       0       0       0       0       0       0       0       0
      Temps:          1       0       0       0       0       0       0       0       0
      Totals:         1       0       0       0       0       0       0       0       0
Total ram usage:        1 bytes
 Hardware stack levels used:    1
 This function calls:
		Nothing
 This function is called by:
		_Menu_P3
 This function uses a non-reentrant model


 *************** function _Menu_P2 *****************
 Defined at:
		line 530 in file "main.c"
 Parameters:    Size  Location     Type
		None
 Auto vars:     Size  Location     Type
		None
 Return value:  Size  Location     Type
                  1    wreg      void 
 Registers used:
		wreg, status,2, status,0, cstack
 Tracked objects:
		On entry : 
		On exit  : 
		Unchanged: 
 Data sizes:     COMRAM   BANK0   BANK1   BANK2   BANK3   BANK4   BANK5   BANK6   BANK7
      Params:         0       0       0       0       0       0       0       0       0
      Locals:         0       0       0       0       0       0       0       0       0
      Temps:          2       0       0       0       0       0       0       0       0
      Totals:         2       0       0       0       0       0       0       0       0
Total ram usage:        2 bytes
 Hardware stack levels used:    1
 Hardware stack levels required when called:    2
 This function calls:
		_Draw_0
		_Draw_1
		_Draw_10
		_Draw_11
		_Draw_12
		_Draw_13
		_Draw_14
		_Draw_15
		_Draw_2
		_Draw_3
		_Draw_4
		_Draw_5
		_Draw_6
		_Draw_7
		_Draw_8
		_Draw_9
		_Exit_Time_Menu
		_Recording
		_eeprom_writex
 This function is called by:
		_Menu
 This function uses a non-reentrant model


 *************** function _Draw_9 *****************
 Defined at:
		line 870 in file "main.c"
 Parameters:    Size  Location     Type
		None
 Auto vars:     Size  Location     Type
		None
 Return value:  Size  Location     Type
                  1    wreg      void 
 Registers used:
		wreg, status,2
 Tracked objects:
		On entry : 
		On exit  : 
		Unchanged: 
 Data sizes:     COMRAM   BANK0   BANK1   BANK2   BANK3   BANK4   BANK5   BANK6   BANK7
      Params:         0       0       0       0       0       0       0       0       0
      Locals:         0       0       0       0       0       0       0       0       0
      Temps:          1       0       0       0       0       0       0       0       0
      Totals:         1       0       0       0       0       0       0       0       0
Total ram usage:        1 bytes
 Hardware stack levels used:    1
 This function calls:
		Nothing
 This function is called by:
		_Menu_P2
		_Menu_P4
 This function uses a non-reentrant model


 *************** function _Draw_8 *****************
 Defined at:
		line 859 in file "main.c"
 Parameters:    Size  Location     Type
		None
 Auto vars:     Size  Location     Type
		None
 Return value:  Size  Location     Type
                  1    wreg      void 
 Registers used:
		wreg, status,2
 Tracked objects:
		On entry : 
		On exit  : 
		Unchanged: 
 Data sizes:     COMRAM   BANK0   BANK1   BANK2   BANK3   BANK4   BANK5   BANK6   BANK7
      Params:         0       0       0       0       0       0       0       0       0
      Locals:         0       0       0       0       0       0       0       0       0
      Temps:          1       0       0       0       0       0       0       0       0
      Totals:         1       0       0       0       0       0       0       0       0
Total ram usage:        1 bytes
 Hardware stack levels used:    1
 This function calls:
		Nothing
 This function is called by:
		_Menu_P2
		_Menu_P3
		_Menu_P4
 This function uses a non-reentrant model


 *************** function _Draw_7 *****************
 Defined at:
		line 848 in file "main.c"
 Parameters:    Size  Location     Type
		None
 Auto vars:     Size  Location     Type
		None
 Return value:  Size  Location     Type
                  1    wreg      void 
 Registers used:
		wreg, status,2
 Tracked objects:
		On entry : 
		On exit  : 
		Unchanged: 
 Data sizes:     COMRAM   BANK0   BANK1   BANK2   BANK3   BANK4   BANK5   BANK6   BANK7
      Params:         0       0       0       0       0       0       0       0       0
      Locals:         0       0       0       0       0       0       0       0       0
      Temps:          1       0       0       0       0       0       0       0       0
      Totals:         1       0       0       0       0       0       0       0       0
Total ram usage:        1 bytes
 Hardware stack levels used:    1
 This function calls:
		Nothing
 This function is called by:
		_Menu_P2
		_Menu_P4
 This function uses a non-reentrant model


 *************** function _Draw_6 *****************
 Defined at:
		line 837 in file "main.c"
 Parameters:    Size  Location     Type
		None
 Auto vars:     Size  Location     Type
		None
 Return value:  Size  Location     Type
                  1    wreg      void 
 Registers used:
		wreg, status,2
 Tracked objects:
		On entry : 
		On exit  : 
		Unchanged: 
 Data sizes:     COMRAM   BANK0   BANK1   BANK2   BANK3   BANK4   BANK5   BANK6   BANK7
      Params:         0       0       0       0       0       0       0       0       0
      Locals:         0       0       0       0       0       0       0       0       0
      Temps:          1       0       0       0       0       0       0       0       0
      Totals:         1       0       0       0       0       0       0       0       0
Total ram usage:        1 bytes
 Hardware stack levels used:    1
 This function calls:
		Nothing
 This function is called by:
		_Menu_P2
		_Menu_P3
		_Menu_P4
 This function uses a non-reentrant model


 *************** function _Draw_5 *****************
 Defined at:
		line 826 in file "main.c"
 Parameters:    Size  Location     Type
		None
 Auto vars:     Size  Location     Type
		None
 Return value:  Size  Location     Type
                  1    wreg      void 
 Registers used:
		wreg, status,2
 Tracked objects:
		On entry : 
		On exit  : 
		Unchanged: 
 Data sizes:     COMRAM   BANK0   BANK1   BANK2   BANK3   BANK4   BANK5   BANK6   BANK7
      Params:         0       0       0       0       0       0       0       0       0
      Locals:         0       0       0       0       0       0       0       0       0
      Temps:          1       0       0       0       0       0       0       0       0
      Totals:         1       0       0       0       0       0       0       0       0
Total ram usage:        1 bytes
 Hardware stack levels used:    1
 This function calls:
		Nothing
 This function is called by:
		_Menu_P2
		_Menu_P4
 This function uses a non-reentrant model


 *************** function _Draw_4 *****************
 Defined at:
		line 815 in file "main.c"
 Parameters:    Size  Location     Type
		None
 Auto vars:     Size  Location     Type
		None
 Return value:  Size  Location     Type
                  1    wreg      void 
 Registers used:
		wreg, status,2
 Tracked objects:
		On entry : 
		On exit  : 
		Unchanged: 
 Data sizes:     COMRAM   BANK0   BANK1   BANK2   BANK3   BANK4   BANK5   BANK6   BANK7
      Params:         0       0       0       0       0       0       0       0       0
      Locals:         0       0       0       0       0       0       0       0       0
      Temps:          1       0       0       0       0       0       0       0       0
      Totals:         1       0       0       0       0       0       0       0       0
Total ram usage:        1 bytes
 Hardware stack levels used:    1
 This function calls:
		Nothing
 This function is called by:
		_Menu_P2
		_Menu_P3
		_Menu_P4
 This function uses a non-reentrant model


 *************** function _Draw_3 *****************
 Defined at:
		line 804 in file "main.c"
 Parameters:    Size  Location     Type
		None
 Auto vars:     Size  Location     Type
		None
 Return value:  Size  Location     Type
                  1    wreg      void 
 Registers used:
		wreg, status,2
 Tracked objects:
		On entry : 
		On exit  : 
		Unchanged: 
 Data sizes:     COMRAM   BANK0   BANK1   BANK2   BANK3   BANK4   BANK5   BANK6   BANK7
      Params:         0       0       0       0       0       0       0       0       0
      Locals:         0       0       0       0       0       0       0       0       0
      Temps:          1       0       0       0       0       0       0       0       0
      Totals:         1       0       0       0       0       0       0       0       0
Total ram usage:        1 bytes
 Hardware stack levels used:    1
 This function calls:
		Nothing
 This function is called by:
		_Menu_P2
		_Menu_P4
 This function uses a non-reentrant model


 *************** function _Draw_2 *****************
 Defined at:
		line 793 in file "main.c"
 Parameters:    Size  Location     Type
		None
 Auto vars:     Size  Location     Type
		None
 Return value:  Size  Location     Type
                  1    wreg      void 
 Registers used:
		wreg, status,2
 Tracked objects:
		On entry : 
		On exit  : 
		Unchanged: 
 Data sizes:     COMRAM   BANK0   BANK1   BANK2   BANK3   BANK4   BANK5   BANK6   BANK7
      Params:         0       0       0       0       0       0       0       0       0
      Locals:         0       0       0       0       0       0       0       0       0
      Temps:          1       0       0       0       0       0       0       0       0
      Totals:         1       0       0       0       0       0       0       0       0
Total ram usage:        1 bytes
 Hardware stack levels used:    1
 This function calls:
		Nothing
 This function is called by:
		_Menu_P2
		_Menu_P3
		_Menu_P4
 This function uses a non-reentrant model


 *************** function _Draw_15 *****************
 Defined at:
		line 936 in file "main.c"
 Parameters:    Size  Location     Type
		None
 Auto vars:     Size  Location     Type
		None
 Return value:  Size  Location     Type
                  1    wreg      void 
 Registers used:
		wreg, status,2
 Tracked objects:
		On entry : 
		On exit  : 
		Unchanged: 
 Data sizes:     COMRAM   BANK0   BANK1   BANK2   BANK3   BANK4   BANK5   BANK6   BANK7
      Params:         0       0       0       0       0       0       0       0       0
      Locals:         0       0       0       0       0       0       0       0       0
      Temps:          1       0       0       0       0       0       0       0       0
      Totals:         1       0       0       0       0       0       0       0       0
Total ram usage:        1 bytes
 Hardware stack levels used:    1
 This function calls:
		Nothing
 This function is called by:
		_Menu_P2
		_Menu_P4
 This function uses a non-reentrant model


 *************** function _Draw_14 *****************
 Defined at:
		line 925 in file "main.c"
 Parameters:    Size  Location     Type
		None
 Auto vars:     Size  Location     Type
		None
 Return value:  Size  Location     Type
                  1    wreg      void 
 Registers used:
		wreg, status,2
 Tracked objects:
		On entry : 
		On exit  : 
		Unchanged: 
 Data sizes:     COMRAM   BANK0   BANK1   BANK2   BANK3   BANK4   BANK5   BANK6   BANK7
      Params:         0       0       0       0       0       0       0       0       0
      Locals:         0       0       0       0       0       0       0       0       0
      Temps:          1       0       0       0       0       0       0       0       0
      Totals:         1       0       0       0       0       0       0       0       0
Total ram usage:        1 bytes
 Hardware stack levels used:    1
 This function calls:
		Nothing
 This function is called by:
		_Menu_P2
		_Menu_P3
		_Menu_P4
 This function uses a non-reentrant model


 *************** function _Draw_13 *****************
 Defined at:
		line 914 in file "main.c"
 Parameters:    Size  Location     Type
		None
 Auto vars:     Size  Location     Type
		None
 Return value:  Size  Location     Type
                  1    wreg      void 
 Registers used:
		wreg, status,2
 Tracked objects:
		On entry : 
		On exit  : 
		Unchanged: 
 Data sizes:     COMRAM   BANK0   BANK1   BANK2   BANK3   BANK4   BANK5   BANK6   BANK7
      Params:         0       0       0       0       0       0       0       0       0
      Locals:         0       0       0       0       0       0       0       0       0
      Temps:          1       0       0       0       0       0       0       0       0
      Totals:         1       0       0       0       0       0       0       0       0
Total ram usage:        1 bytes
 Hardware stack levels used:    1
 This function calls:
		Nothing
 This function is called by:
		_Menu_P2
		_Menu_P4
 This function uses a non-reentrant model


 *************** function _Draw_12 *****************
 Defined at:
		line 903 in file "main.c"
 Parameters:    Size  Location     Type
		None
 Auto vars:     Size  Location     Type
		None
 Return value:  Size  Location     Type
                  1    wreg      void 
 Registers used:
		wreg, status,2
 Tracked objects:
		On entry : 
		On exit  : 
		Unchanged: 
 Data sizes:     COMRAM   BANK0   BANK1   BANK2   BANK3   BANK4   BANK5   BANK6   BANK7
      Params:         0       0       0       0       0       0       0       0       0
      Locals:         0       0       0       0       0       0       0       0       0
      Temps:          1       0       0       0       0       0       0       0       0
      Totals:         1       0       0       0       0       0       0       0       0
Total ram usage:        1 bytes
 Hardware stack levels used:    1
 This function calls:
		Nothing
 This function is called by:
		_Menu_P2
		_Menu_P3
		_Menu_P4
 This function uses a non-reentrant model


 *************** function _Draw_11 *****************
 Defined at:
		line 892 in file "main.c"
 Parameters:    Size  Location     Type
		None
 Auto vars:     Size  Location     Type
		None
 Return value:  Size  Location     Type
                  1    wreg      void 
 Registers used:
		wreg, status,2
 Tracked objects:
		On entry : 
		On exit  : 
		Unchanged: 
 Data sizes:     COMRAM   BANK0   BANK1   BANK2   BANK3   BANK4   BANK5   BANK6   BANK7
      Params:         0       0       0       0       0       0       0       0       0
      Locals:         0       0       0       0       0       0       0       0       0
      Temps:          1       0       0       0       0       0       0       0       0
      Totals:         1       0       0       0       0       0       0       0       0
Total ram usage:        1 bytes
 Hardware stack levels used:    1
 This function calls:
		Nothing
 This function is called by:
		_Menu_P2
		_Menu_P4
 This function uses a non-reentrant model


 *************** function _Draw_10 *****************
 Defined at:
		line 881 in file "main.c"
 Parameters:    Size  Location     Type
		None
 Auto vars:     Size  Location     Type
		None
 Return value:  Size  Location     Type
                  1    wreg      void 
 Registers used:
		wreg, status,2
 Tracked objects:
		On entry : 
		On exit  : 
		Unchanged: 
 Data sizes:     COMRAM   BANK0   BANK1   BANK2   BANK3   BANK4   BANK5   BANK6   BANK7
      Params:         0       0       0       0       0       0       0       0       0
      Locals:         0       0       0       0       0       0       0       0       0
      Temps:          1       0       0       0       0       0       0       0       0
      Totals:         1       0       0       0       0       0       0       0       0
Total ram usage:        1 bytes
 Hardware stack levels used:    1
 This function calls:
		Nothing
 This function is called by:
		_Menu_P2
		_Menu_P3
		_Menu_P4
 This function uses a non-reentrant model


 *************** function _Menu_P1 *****************
 Defined at:
		line 498 in file "main.c"
 Parameters:    Size  Location     Type
		None
 Auto vars:     Size  Location     Type
		None
 Return value:  Size  Location     Type
                  1    wreg      void 
 Registers used:
		wreg, status,2, status,0, cstack
 Tracked objects:
		On entry : 
		On exit  : 
		Unchanged: 
 Data sizes:     COMRAM   BANK0   BANK1   BANK2   BANK3   BANK4   BANK5   BANK6   BANK7
      Params:         0       0       0       0       0       0       0       0       0
      Locals:         0       0       0       0       0       0       0       0       0
      Temps:          2       0       0       0       0       0       0       0       0
      Totals:         2       0       0       0       0       0       0       0       0
Total ram usage:        2 bytes
 Hardware stack levels used:    1
 Hardware stack levels required when called:    2
 This function calls:
		_Draw_0
		_Draw_1
		_Exit_Time_Menu
		_Recording
		_eeprom_writex
 This function is called by:
		_Menu
 This function uses a non-reentrant model


 *************** function _eeprom_writex *****************
 Defined at:
		line 379 in file "main.c"
 Parameters:    Size  Location     Type
  address         2    0[COMRAM] int 
  data            1    2[COMRAM] unsigned char 
 Auto vars:     Size  Location     Type
		None
 Return value:  Size  Location     Type
                  1    wreg      void 
 Registers used:
		wreg, status,2
 Tracked objects:
		On entry : 
		On exit  : 
[...]
      Locals:         0       0       0       0       0       0       0       0       0
      Temps:          1       0       0       0       0       0       0       0       0
      Totals:         1       0       0       0       0       0       0       0       0
Total ram usage:        1 bytes
 Hardware stack levels used:    1
 This function calls:
		Nothing
 This function is called by:
		_Recording
 This function uses a non-reentrant model


 *************** function _Exit_Time_Menu *****************
 Defined at:
		line 490 in file "main.c"
 Parameters:    Size  Location     Type
		None
 Auto vars:     Size  Location     Type
		None
 Return value:  Size  Location     Type
                  1    wreg      void 
 Registers used:
		wreg, status,2, status,0
 Tracked objects:
		On entry : 
		On exit  : 
		Unchanged: 
 Data sizes:     COMRAM   BANK0   BANK1   BANK2   BANK3   BANK4   BANK5   BANK6   BANK7
      Params:         0       0       0       0       0       0       0       0       0
      Locals:         0       0       0       0       0       0       0       0       0
      Temps:          0       0       0       0       0       0       0       0       0
      Totals:         0       0       0       0       0       0       0       0       0
Total ram usage:        0 bytes
 Hardware stack levels used:    1
 This function calls:
		Nothing
 This function is called by:
		_Menu
		_Menu_P1
		_Menu_P2
		_Menu_P3
		_Menu_P4
 This function uses a non-reentrant model


 *************** function _Draw_1 *****************
 Defined at:
		line 782 in file "main.c"
 Parameters:    Size  Location     Type
		None
 Auto vars:     Size  Location     Type
		None
 Return value:  Size  Location     Type
                  1    wreg      void 
 Registers used:
		wreg, status,2
 Tracked objects:
		On entry : 
		On exit  : 
		Unchanged: 
 Data sizes:     COMRAM   BANK0   BANK1   BANK2   BANK3   BANK4   BANK5   BANK6   BANK7
      Params:         0       0       0       0       0       0       0       0       0
      Locals:         0       0       0       0       0       0       0       0       0
      Temps:          1       0       0       0       0       0       0       0       0
      Totals:         1       0       0       0       0       0       0       0       0
Total ram usage:        1 bytes
 Hardware stack levels used:    1
 This function calls:
		Nothing
 This function is called by:
		_Menu_P1
		_Menu_P2
		_Menu_P4
 This function uses a non-reentrant model


 *************** function _Draw_0 *****************
 Defined at:
		line 771 in file "main.c"
 Parameters:    Size  Location     Type
		None
 Auto vars:     Size  Location     Type
		None
 Return value:  Size  Location     Type
                  1    wreg      void 
 Registers used:
		wreg, status,2
 Tracked objects:
		On entry : 
		On exit  : 
		Unchanged: 
 Data sizes:     COMRAM   BANK0   BANK1   BANK2   BANK3   BANK4   BANK5   BANK6   BANK7
      Params:         0       0       0       0       0       0       0       0       0
      Locals:         0       0       0       0       0       0       0       0       0
      Temps:          1       0       0       0       0       0       0       0       0
      Totals:         1       0       0       0       0       0       0       0       0
Total ram usage:        1 bytes
 Hardware stack levels used:    1
 This function calls:
		Nothing
 This function is called by:
		_Menu_P1
		_Menu_P2
		_Menu_P4
 This function uses a non-reentrant model


 *************** function _Draw_P4 *****************
 Defined at:
		line 760 in file "main.c"
 Parameters:    Size  Location     Type
		None
 Auto vars:     Size  Location     Type
		None
 Return value:  Size  Location     Type
                  1    wreg      void 
 Registers used:
		wreg, status,2
 Tracked objects:
		On entry : 
		On exit  : 
		Unchanged: 
 Data sizes:     COMRAM   BANK0   BANK1   BANK2   BANK3   BANK4   BANK5   BANK6   BANK7
      Params:         0       0       0       0       0       0       0       0       0
      Locals:         0       0       0       0       0       0       0       0       0
      Temps:          1       0       0       0       0       0       0       0       0
      Totals:         1       0       0       0       0       0       0       0       0
Total ram usage:        1 bytes
 Hardware stack levels used:    1
 This function calls:
		Nothing
 This function is called by:
		_Menu
 This function uses a non-reentrant model


 *************** function _Draw_P3 *****************
 Defined at:
		line 749 in file "main.c"
 Parameters:    Size  Location     Type
		None
 Auto vars:     Size  Location     Type
		None
 Return value:  Size  Location     Type
                  1    wreg      void 
 Registers used:
		wreg, status,2
 Tracked objects:
		On entry : 
		On exit  : 
		Unchanged: 
 Data sizes:     COMRAM   BANK0   BANK1   BANK2   BANK3   BANK4   BANK5   BANK6   BANK7
      Params:         0       0       0       0       0       0       0       0       0
      Locals:         0       0       0       0       0       0       0       0       0
      Temps:          1       0       0       0       0       0       0       0       0
      Totals:         1       0       0       0       0       0       0       0       0
Total ram usage:        1 bytes
 Hardware stack levels used:    1
 This function calls:
		Nothing
 This function is called by:
		_Menu
 This function uses a non-reentrant model


 *************** function _Draw_P2 *****************
 Defined at:
		line 738 in file "main.c"
 Parameters:    Size  Location     Type
		None
 Auto vars:     Size  Location     Type
		None
 Return value:  Size  Location     Type
                  1    wreg      void 
 Registers used:
		wreg, status,2
 Tracked objects:
		On entry : 
		On exit  : 
		Unchanged: 
 Data sizes:     COMRAM   BANK0   BANK1   BANK2   BANK3   BANK4   BANK5   BANK6   BANK7
      Params:         0       0       0       0       0       0       0       0       0
      Locals:         0       0       0       0       0       0       0       0       0
      Temps:          1       0       0       0       0       0       0       0       0
      Totals:         1       0       0       0       0       0       0       0       0
Total ram usage:        1 bytes
 Hardware stack levels used:    1
 This function calls:
		Nothing
 This function is called by:
		_Menu
 This function uses a non-reentrant model


 *************** function _Draw_P1 *****************
 Defined at:
		line 727 in file "main.c"
 Parameters:    Size  Location     Type
		None
 Auto vars:     Size  Location     Type
		None
 Return value:  Size  Location     Type
                  1    wreg      void 
 Registers used:
		wreg, status,2
 Tracked objects:
		On entry : 
		On exit  : 
		Unchanged: 
 Data sizes:     COMRAM   BANK0   BANK1   BANK2   BANK3   BANK4   BANK5   BANK6   BANK7
      Params:         0       0       0       0       0       0       0       0       0
      Locals:         0       0       0       0       0       0       0       0       0
      Temps:          1       0       0       0       0       0       0       0       0
      Totals:         1       0       0       0       0       0       0       0       0
Total ram usage:        1 bytes
 Hardware stack levels used:    1
 This function calls:
		Nothing
 This function is called by:
		_Menu
 This function uses a non-reentrant model


 *************** function _Indicator *****************
 Defined at:
		line 1075 in file "main.c"
 Parameters:    Size  Location     Type
		None
 Auto vars:     Size  Location     Type
		None
 Return value:  Size  Location     Type
                  1    wreg      void 
 Registers used:
		wreg, status,2, status,0
 Tracked objects:
		On entry : 
		On exit  : 
		Unchanged: 
 Data sizes:     COMRAM   BANK0   BANK1   BANK2   BANK3   BANK4   BANK5   BANK6   BANK7
      Params:         0       0       0       0       0       0       0       0       0
      Locals:         0       0       0       0       0       0       0       0       0
      Temps:          0       0       0       0       0       0       0       0       0
      Totals:         0       0       0       0       0       0       0       0       0
Total ram usage:        0 bytes
 Hardware stack levels used:    1
 This function calls:
		Nothing
 This function is called by:
		_main
 This function uses a non-reentrant model


 *************** function _Close_Lock *****************
 Defined at:
		line 177 in file "main.c"
 Parameters:    Size  Location     Type
		None
 Auto vars:     Size  Location     Type
		None
 Return value:  Size  Location     Type
                  1    wreg      void 
 Registers used:
		wreg, status,2, status,0, prodl, prodh, cstack
 Tracked objects:
		On entry : 
		On exit  : 
		Unchanged: 
 Data sizes:     COMRAM   BANK0   BANK1   BANK2   BANK3   BANK4   BANK5   BANK6   BANK7
      Params:         0       0       0       0       0       0       0       0       0
      Locals:         0       0       0       0       0       0       0       0       0
      Temps:          2       0       0       0       0       0       0       0       0
      Totals:         2       0       0       0       0       0       0       0       0
Total ram usage:        2 bytes
 Hardware stack levels used:    1
 Hardware stack levels required when called:    3
 This function calls:
		_Closing
		___wmul
		_eeprom_readx
 This function is called by:
		_main
 This function uses a non-reentrant model


 *************** function _eeprom_readx *****************
 Defined at:
		line 395 in file "main.c"
 Parameters:    Size  Location     Type
  address         2    0[COMRAM] int 
 Auto vars:     Size  Location     Type
		None
 Return value:  Size  Location     Type
                  1    wreg      unsigned char 
 Registers used:
		wreg, status,2
 Tracked objects:
		On entry : 
		On exit  : 
		Unchanged: 
 Data sizes:     COMRAM   BANK0   BANK1   BANK2   BANK3   BANK4   BANK5   BANK6   BANK7
      Params:         2       0       0       0       0       0       0       0       0
      Locals:         0       0       0       0       0       0       0       0       0
      Temps:          0       0       0       0       0       0       0       0       0
      Totals:         2       0       0       0       0       0       0       0       0
Total ram usage:        2 bytes
 Hardware stack levels used:    1
 This function calls:
		Nothing
 This function is called by:
		_main
		_Close_Lock
		_Open_Lock
 This function uses a non-reentrant model


 *************** function ___wmul *****************
 Defined at:
		line 15 in file "C:\Program Files (x86)\Microchip\xc8\v2.05\pic\sources\c99\common\Umul16.c"
 Parameters:    Size  Location     Type
  multiplier      2    0[COMRAM] unsigned int 
  multiplicand    2    2[COMRAM] unsigned int 
 Auto vars:     Size  Location     Type
  product         2    4[COMRAM] unsigned int 
 Return value:  Size  Location     Type
                  2    0[COMRAM] unsigned int 
 Registers used:
		wreg, status,2, status,0, prodl, prodh
 Tracked objects:
		On entry : 
		On exit  : 
		Unchanged: 
 Data sizes:     COMRAM   BANK0   BANK1   BANK2   BANK3   BANK4   BANK5   BANK6   BANK7
      Params:         4       0       0       0       0       0       0       0       0
      Locals:         2       0       0       0       0       0       0       0       0
      Temps:          0       0       0       0       0       0       0       0       0
      Totals:         6       0       0       0       0       0       0       0       0
Total ram usage:        6 bytes
 Hardware stack levels used:    1
 This function calls:
		Nothing
 This function is called by:
		_Close_Lock
		_Open_Lock
 This function uses a non-reentrant model


 *************** function _Closing *****************
 Defined at:
		line 312 in file "main.c"
 Parameters:    Size  Location     Type
		None
 Auto vars:     Size  Location     Type
		None
 Return value:  Size  Location     Type
                  1    wreg      void 
 Registers used:
		wreg, status,2, status,0, cstack
 Tracked objects:
		On entry : 
		On exit  : 
		Unchanged: 
 Data sizes:     COMRAM   BANK0   BANK1   BANK2   BANK3   BANK4   BANK5   BANK6   BANK7
      Params:         0       0       0       0       0       0       0       0       0
      Locals:         0       0       0       0       0       0       0       0       0
      Temps:          2       0       0       0       0       0       0       0       0
      Totals:         2       0       0       0       0       0       0       0       0
Total ram usage:        2 bytes
 Hardware stack levels used:    1
 Hardware stack levels required when called:    2
 This function calls:
		_Analog_Read
		_Sense_Current
 This function is called by:
		_Close_Lock
		_Open_Lock
 This function uses a non-reentrant model


 *************** function _Sense_Current *****************
 Defined at:
		line 364 in file "main.c"
 Parameters:    Size  Location     Type
		None
 Auto vars:     Size  Location     Type
		None
 Return value:  Size  Location     Type
                  1    wreg      void 
 Registers used:
		wreg, status,2, status,0, cstack
 Tracked objects:
		On entry : 
		On exit  : 
		Unchanged: 
 Data sizes:     COMRAM   BANK0   BANK1   BANK2   BANK3   BANK4   BANK5   BANK6   BANK7
      Params:         0       0       0       0       0       0       0       0       0
      Locals:         0       0       0       0       0       0       0       0       0
      Temps:          0       0       0       0       0       0       0       0       0
      Totals:         0       0       0       0       0       0       0       0       0
Total ram usage:        0 bytes
 Hardware stack levels used:    1
 Hardware stack levels required when called:    1
 This function calls:
		_Analog_Read
		_Clear
		_Draw_CL
 This function is called by:
		_Open_Lock
		_Closing
 This function uses a non-reentrant model


 *************** function _Draw_CL *****************
 Defined at:
		line 716 in file "main.c"
 Parameters:    Size  Location     Type
		None
 Auto vars:     Size  Location     Type
		None
 Return value:  Size  Location     Type
                  1    wreg      void 
 Registers used:
		wreg, status,2
 Tracked objects:
		On entry : 
		On exit  : 
		Unchanged: 
 Data sizes:     COMRAM   BANK0   BANK1   BANK2   BANK3   BANK4   BANK5   BANK6   BANK7
      Params:         0       0       0       0       0       0       0       0       0
      Locals:         0       0       0       0       0       0       0       0       0
      Temps:          0       0       0       0       0       0       0       0       0
      Totals:         0       0       0       0       0       0       0       0       0
Total ram usage:        0 bytes
 Hardware stack levels used:    1
 This function calls:
		Nothing
 This function is called by:
		_Sense_Current
 This function uses a non-reentrant model


 *************** function _Clear *****************
 Defined at:
		line 710 in file "main.c"
 Parameters:    Size  Location     Type
		None
 Auto vars:     Size  Location     Type
		None
 Return value:  Size  Location     Type
                  1    wreg      void 
 Registers used:
		wreg, status,2
 Tracked objects:
		On entry : 
		On exit  : 
		Unchanged: 
 Data sizes:     COMRAM   BANK0   BANK1   BANK2   BANK3   BANK4   BANK5   BANK6   BANK7
      Params:         0       0       0       0       0       0       0       0       0
      Locals:         0       0       0       0       0       0       0       0       0
      Temps:          0       0       0       0       0       0       0       0       0
      Totals:         0       0       0       0       0       0       0       0       0
Total ram usage:        0 bytes
 Hardware stack levels used:    1
 This function calls:
		Nothing
 This function is called by:
		_Sense_Current
		_Recording
 This function uses a non-reentrant model


 *************** function _Analog_Read *****************
 Defined at:
		line 347 in file "main.c"
 Parameters:    Size  Location     Type
		None
 Auto vars:     Size  Location     Type
		None
 Return value:  Size  Location     Type
                  2    0[COMRAM] int 
 Registers used:
		wreg, status,2, status,0
 Tracked objects:
		On entry : 
		On exit  : 
		Unchanged: 
 Data sizes:     COMRAM   BANK0   BANK1   BANK2   BANK3   BANK4   BANK5   BANK6   BANK7
      Params:         2       0       0       0       0       0       0       0       0
      Locals:         0       0       0       0       0       0       0       0       0
      Temps:          0       0       0       0       0       0       0       0       0
      Totals:         2       0       0       0       0       0       0       0       0
Total ram usage:        2 bytes
 Hardware stack levels used:    1
 This function calls:
		Nothing
 This function is called by:
		_Closing
		_Sense_Current
 This function uses a non-reentrant model



MODULE INFORMATION

Module		Function		Class		Link	Load	Size
C:\Program Files (x86)\Microchip\xc8\v2.05\pic\sources\c99\common\Umul32.c
		___lmul        		CODE           	67C4	0000	87

C:\Program Files (x86)\Microchip\xc8\v2.05\pic\sources\c99\common\Umul32.c estimated size: 87

shared
		__initialization		CODE           	678E	0000	45

shared estimated size: 45

C:\Program Files (x86)\Microchip\xc8\v2.05\pic\sources\c99\common\Umul16.c
		___wmul        		CODE           	611E	0000	39

C:\Program Files (x86)\Microchip\xc8\v2.05\pic\sources\c99\common\Umul16.c estimated size: 39

main.c
		_eeprom_writex 		CODE           	60FC	0000	35
		_Sense_Current 		CODE           	616C	0000	41
		_Menu_P2       		CODE           	70DA	0000	749
		_Close_Lock    		CODE           	76B2	0000	985
		_Recording     		CODE           	691A	0000	139
		_Draw_2        		CODE           	6224	0000	49
		_Draw_20       		CODE           	662E	0000	51
		_Draw_P1       		CODE           	63A4	0000	51
		_Draw_5        		CODE           	62B4	0000	49
		_Draw_12       		CODE           	6502	0000	51
		_Draw_8        		CODE           	6344	0000	49
		_Draw_P4       		CODE           	643A	0000	51
		_main          		CODE           	6892	0000	137
		_Draw_15       		CODE           	6598	0000	51
		_Draw_CL       		CODE           	60DA	0000	35
		_Draw_26       		CODE           	66C4	0000	51
		_Draw_18       		CODE           	65FC	0000	51
		_Clear         		CODE           	60C2	0000	11
		_Menu_P1       		CODE           	6A7A	0000	245
		_Draw_Save_Dot_One		CODE           	61F4	0000	49
		_Menu_P4       		CODE           	73C6	0000	749
		_Analog_Read   		CODE           	6144	0000	41
		_Draw_0        		CODE           	6194	0000	49
		_Closing       		CODE           	6B6E	0000	271
		_Draw_3        		CODE           	6254	0000	49
		_Draw_11       		CODE           	64D0	0000	51
		_Draw_30       		CODE           	6728	0000	51
		_Draw_6        		CODE           	62E4	0000	49
		_Draw_22       		CODE           	6660	0000	51
		_Draw_P3       		CODE           	6408	0000	51
		_Draw_9        		CODE           	6374	0000	49
		_Draw_Save_Dot_Two		CODE           	646C	0000	51
		_Draw_14       		CODE           	6566	0000	51
		_Exit_Time_Menu		CODE           	675A	0000	53
		_Draw_28       		CODE           	66F6	0000	51
		_Indicator     		CODE           	681A	0000	121
		_Menu_P3       		CODE           	6E12	0000	713
		_Draw_1        		CODE           	61C4	0000	49
		_Menu          		CODE           	6C7C	0000	407
		_Draw_10       		CODE           	649E	0000	51
		_Draw_4        		CODE           	6284	0000	49
		_Draw_P2       		CODE           	63D6	0000	51
		_Draw_7        		CODE           	6314	0000	49
		_Draw_13       		CODE           	6534	0000	51
		_eeprom_readx  		CODE           	60CC	0000	15
		_Draw_24       		CODE           	6692	0000	51
		_Open_Lock     		CODE           	7A8A	0000	1399
		_Menu_In       		CODE           	69A4	0000	215
		_Draw_16       		CODE           	65CA	0000	51

main.c estimated size: 7869

