Microchip MPLAB XC8 Compiler V2.05 ()

Linker command line:

-W-3 --edf=C:\Program Files (x86)\Microchip\xc8\v2.05\pic\dat\en_msgs.txt \
  -cs -h+dist/default/production\Electromecanica.X.production.sym \
  --cmf=dist/default/production\Electromecanica.X.production.cmf -z \
  -Q18F2550 -oD:\Users\BotLAB\AppData\Local\Temp\s89s.2 \
  --defsym=__MPLAB_BUILD=1 \
  -Mdist/default/production/Electromecanica.X.production.map -E1 -ver=XC8 \
  --acfsm=1493 -ASTACK=060h-07FFh -pstack=STACK -ACODE=00h-07FFFh \
  -ACONST=00h-07FFFh -ASMALLCONST=0800h-08FFhx120 \
  -AMEDIUMCONST=0800h-07FFFh -ACOMRAM=01h-05Fh -AABS1=00h-07FFh \
  -ABIGRAM=01h-07FFh -ARAM=060h-0FFh,0100h-01FFhx7 -ABANK0=060h-0FFh \
  -ABANK1=0100h-01FFh -ABANK2=0200h-02FFh -ABANK3=0300h-03FFh \
  -ABANK4=0400h-04FFh -ABANK5=0500h-05FFh -ABANK6=0600h-06FFh \
  -ABANK7=0700h-07FFh -ASFR=0F60h-0FFFh \
  -preset_vec=00h,intcode,intcodelo,powerup,init -pramtop=0800h \
  -psmallconst=SMALLCONST -pmediumconst=MEDIUMCONST -pconst=CONST \
  -AFARRAM=00h-00h -ACONFIG=0300000h-030000Dh -pconfig=CONFIG \
  -AIDLOC=0200000h-0200007h -pidloc=IDLOC -AEEDATA=0F00000h-0F000FFh \
  -peeprom_data=EEDATA \
  -prdata=COMRAM,nvrram=COMRAM,nvbit=COMRAM,rbss=COMRAM,rbit=COMRAM \
  -pfarbss=FARRAM,fardata=FARRAM,nvFARRAM=FARRAM \
  -pintsave_regs=BIGRAM,bigbss=BIGRAM,bigdata=BIGRAM -pbss=RAM \
  -pidata=CODE,irdata=CODE,ibigdata=CODE,ifardata=CODE -prparam=COMRAM \
  D:\Users\BotLAB\AppData\Local\Temp\s89s.o \
  dist/default/production\Electromecanica.X.production.o 

Object code version is 3.11

Machine type is 18F2550

Call graph: (short form)




                Name                               Link     Load   Length Selector   Space Scale
D:\Users\BotLAB\AppData\Local\Temp\s89s.o
                init                                  0        0        4        0       0
                idloc                            200000   200000        8   200000       0
                config                           300000   300000        E   300000       0
dist/default/production\Electromecanica.X.production.o
                text39                             6D2E     6D2E       28     3697       0
                text38                             6CD2     6CD2        A     3669       0
                text37                             6CEA     6CEA       22     3675       0
                text36                             6D56     6D56       28     36AB       0
                text35                             739A     739A       AA     39CD       0
                text34                             728E     728E       82     3947       0
                text33                             6D7E     6D7E       32     36BF       0
                text32                             6DB0     6DB0       32     36D8       0
                text31                             6DE2     6DE2       32     36F1       0
                text30                             6E14     6E14       32     370A       0
                text29                             6E46     6E46       32     3723       0
                text28                             6E78     6E78       32     373C       0
                text27                             71CA     71CA       34     38E5       0
                text26                             6EAA     6EAA       32     3755       0
                text25                             6EDC     6EDC       32     376E       0
                text24                             7310     7310       8A     3988       0
                text23                             6D0C     6D0C       22     3686       0
                text22                             751A     751A       E4     3A8D       0
                text21                             6F0E     6F0E       32     3787       0
                text20                             6F40     6F40       32     37A0       0
                text19                             6F72     6F72       32     37B9       0
                text18                             6FA4     6FA4       32     37D2       0
                text17                             6FD6     6FD6       32     37EB       0
                text16                             7008     7008       32     3804       0
                text15                             703A     703A       32     381D       0
                text14                             706C     706C       32     3836       0
                text13                             709E     709E       32     384F       0
                text12                             70D0     70D0       32     3868       0
                text11                             7102     7102       32     3881       0
                text10                             7134     7134       32     389A       0
                text9                              7166     7166       32     38B3       0
                text8                              7198     7198       32     38CC       0
                text7                              7A48     7A48      2DC     3D24       0
                text6                              75FE     75FE       E4     3AFF       0
                text5                              7D24     7D24      2DC     3E92       0
                text4                              76E2     76E2      196     3B71       0
                text3                              7444     7444       D6     3A22       0
                text2                              6CDC     6CDC        E     366E       0
                text1                              7878     7878      1D0     3C3C       0
                text0                              7232     7232       5C     3919       0
                cstackCOMRAM                         36       36        9        1       1
                dataCOMRAM                           3F       3F        3        1       1
                bssCOMRAM                             1        1       35        1       1
                cinit                              71FE     71FE       34     38FF       0
                nvCOMRAM                             42       42        2        1       1
                idataCOMRAM                        6CCF     6CCF        3     6CCF       0

TOTAL           Name                               Link     Load   Length     Space
        CLASS   STACK          

        CLASS   CODE           
                init                                  0        0        4         0
                text39                             6D2E     6D2E       28         0
                text38                             6CD2     6CD2        A         0
                text37                             6CEA     6CEA       22         0
                text36                             6D56     6D56       28         0
                text35                             739A     739A       AA         0
                text34                             728E     728E       82         0
                text33                             6D7E     6D7E       32         0
                text32                             6DB0     6DB0       32         0
                text31                             6DE2     6DE2       32         0
                text30                             6E14     6E14       32         0
                text29                             6E46     6E46       32         0
                text28                             6E78     6E78       32         0
                text27                             71CA     71CA       34         0
                text26                             6EAA     6EAA       32         0
                text25                             6EDC     6EDC       32         0
                text24                             7310     7310       8A         0
                text23                             6D0C     6D0C       22         0
                text22                             751A     751A       E4         0
                text21                             6F0E     6F0E       32         0
                text20                             6F40     6F40       32         0
                text19                             6F72     6F72       32         0
                text18                             6FA4     6FA4       32         0
                text17                             6FD6     6FD6       32         0
                text16                             7008     7008       32         0
                text15                             703A     703A       32         0
                text14                             706C     706C       32         0
                text13                             709E     709E       32         0
                text12                             70D0     70D0       32         0
                text11                             7102     7102       32         0
                text10                             7134     7134       32         0
                text9                              7166     7166       32         0
                text8                              7198     7198       32         0
                text7                              7A48     7A48      2DC         0
                text6                              75FE     75FE       E4         0
                text5                              7D24     7D24      2DC         0
                text4                              76E2     76E2      196         0
                text3                              7444     7444       D6         0
                text2                              6CDC     6CDC        E         0
                text1                              7878     7878      1D0         0
                text0                              7232     7232       5C         0
                cinit                              71FE     71FE       34         0
                idataCOMRAM                        6CCF     6CCF        3         0

        CLASS   CONST          

        CLASS   SMALLCONST     

        CLASS   MEDIUMCONST    

        CLASS   COMRAM         
                cstackCOMRAM                         36       36        9         1
                dataCOMRAM                           3F       3F        3         1
                bssCOMRAM                             1        1       35         1
                nvCOMRAM                             42       42        2         1

        CLASS   ABS1           

        CLASS   BIGRAM         

        CLASS   RAM            

        CLASS   BANK0          

        CLASS   BANK1          

        CLASS   BANK2          

        CLASS   BANK3          

        CLASS   BANK4          

        CLASS   BANK5          

        CLASS   BANK6          

        CLASS   BANK7          

        CLASS   SFR            

        CLASS   FARRAM         

        CLASS   CONFIG         
                config                           300000   300000        E         0

        CLASS   IDLOC          
                idloc                            200000   200000        8         0

        CLASS   EEDATA         



SEGMENTS        Name                           Load    Length   Top    Selector   Space  Class

                reset_vec                      000000  000004  000004         0       0  CODE    
                bssCOMRAM                      000001  000043  000044         1       1  COMRAM  
                idataCOMRAM                    006CCF  000003  006CD2      6CCF       0  CODE    
                text38                         006CD2  00000A  006CDC      3669       0  CODE    
                text2                          006CDC  00000E  006CEA      366E       0  CODE    
                text37                         006CEA  000022  006D0C      3675       0  CODE    
                text23                         006D0C  000022  006D2E      3686       0  CODE    
                text39                         006D2E  000028  006D56      3697       0  CODE    
                text36                         006D56  000028  006D7E      36AB       0  CODE    
                text33                         006D7E  000032  006DB0      36BF       0  CODE    
                text32                         006DB0  000032  006DE2      36D8       0  CODE    
                text31                         006DE2  000032  006E14      36F1       0  CODE    
                text30                         006E14  000032  006E46      370A       0  CODE    
                text29                         006E46  000032  006E78      3723       0  CODE    
                text28                         006E78  000032  006EAA      373C       0  CODE    
                text26                         006EAA  000032  006EDC      3755       0  CODE    
                text25                         006EDC  000032  006F0E      376E       0  CODE    
                text21                         006F0E  000032  006F40      3787       0  CODE    
                text20                         006F40  000032  006F72      37A0       0  CODE    
                text19                         006F72  000032  006FA4      37B9       0  CODE    
                text18                         006FA4  000032  006FD6      37D2       0  CODE    
                text17                         006FD6  000032  007008      37EB       0  CODE    
                text16                         007008  000032  00703A      3804       0  CODE    
                text15                         00703A  000032  00706C      381D       0  CODE    
                text14                         00706C  000032  00709E      3836       0  CODE    
                text13                         00709E  000032  0070D0      384F       0  CODE    
                text12                         0070D0  000032  007102      3868       0  CODE    
                text11                         007102  000032  007134      3881       0  CODE    
                text10                         007134  000032  007166      389A       0  CODE    
                text9                          007166  000032  007198      38B3       0  CODE    
                text8                          007198  000032  0071CA      38CC       0  CODE    
                text27                         0071CA  000034  0071FE      38E5       0  CODE    
                cinit                          0071FE  000034  007232      38FF       0  CODE    
                text0                          007232  00005C  00728E      3919       0  CODE    
                text34                         00728E  000082  007310      3947       0  CODE    
                text24                         007310  00008A  00739A      3988       0  CODE    
                text35                         00739A  0000AA  007444      39CD       0  CODE    
                text3                          007444  0000D6  00751A      3A22       0  CODE    
                text22                         00751A  0000E4  0075FE      3A8D       0  CODE    
                text6                          0075FE  0000E4  0076E2      3AFF       0  CODE    
                text4                          0076E2  000196  007878      3B71       0  CODE    
                text1                          007878  0001D0  007A48      3C3C       0  CODE    
                text7                          007A48  0002DC  007D24      3D24       0  CODE    
                text5                          007D24  0002DC  008000      3E92       0  CODE    
                idloc                          200000  000008  200008    200000       0  IDLOC   
                config                         300000  00000E  30000E    300000       0  CONFIG  


UNUSED ADDRESS RANGES

        Name                Unused          Largest block    Delta
        BANK0            000060-0000FF               A0
        BANK1            000100-0001FF              100
        BANK2            000200-0002FF              100
        BANK3            000300-0003FF              100
        BANK4            000400-0004FF              100
        BANK5            000500-0005FF              100
        BANK6            000600-0006FF              100
        BANK7            000700-0007FF              100
        BIGRAM           000044-0007FF              7BC
        CODE             000004-006CCE             6CCB
        COMRAM           000044-00005F               1C
        CONST            000004-006CCE             6CCB
        EEDATA           F00000-F000FF              100
        MEDIUMCONST      000800-006CCE             64CF
        RAM              000060-0007FF              100
        SFR              000F60-000FFF               A0
        SMALLCONST       000800-006CCE              100
        STACK            000060-0007FF              7A0

                                  Symbol Table

?_Analog_Read                cstackCOMRAM 000036
Open_Lock@Value_Latch        cstackCOMRAM 00003A
_ADC                         bssCOMRAM    000023
_ADCON0bits                  (abs)        000FC2
_ADCON1                      (abs)        000FC1
_ADCON2bits                  (abs)        000FC0
_ADRESH                      (abs)        000FC4
_ADRESL                      (abs)        000FC3
_Analog_Read                 text39       006D2E
_Buffer1                     bssCOMRAM    000001
_Button_Menu_Down_State      bssCOMRAM    000030
_Button_Menu_Up_State        nvCOMRAM     000043
_Clear                       text38       006CD2
_Close_Lock                  text34       00728E
_Closing                     text35       00739A
_Count_Auto_Close            bssCOMRAM    000019
_Count_Exit_Menu             bssCOMRAM    000011
_Count_Peake_Current         bssCOMRAM    000029
_Count_Push_Button           bssCOMRAM    000025
_Count_Save                  bssCOMRAM    000015
_Count_Time_Close            bssCOMRAM    00001D
_Current                     bssCOMRAM    000027
_Draw_0                      text29       006E46
_Draw_1                      text28       006E78
_Draw_10                     text21       006F0E
_Draw_11                     text20       006F40
_Draw_12                     text19       006F72
_Draw_13                     text18       006FA4
_Draw_14                     text17       006FD6
_Draw_15                     text16       007008
_Draw_2                      text15       00703A
_Draw_3                      text14       00706C
_Draw_4                      text13       00709E
_Draw_5                      text12       0070D0
_Draw_6                      text11       007102
_Draw_7                      text10       007134
_Draw_8                      text9        007166
_Draw_9                      text8        007198
_Draw_CL                     text37       006CEA
_Draw_P1                     text33       006D7E
_Draw_P2                     text32       006DB0
_Draw_P3                     text31       006DE2
_Draw_P4                     text30       006E14
_Draw_Save_Dot_One           text26       006EAA
_Draw_Save_Dot_Two           text25       006EDC
_EEADR                       (abs)        000FA9
_EECON1bits                  (abs)        000FA6
_EECON2                      (abs)        000FA7
_EEDATA                      (abs)        000FA8
_End_Stop_Close_State        bssCOMRAM    000032
_End_Stop_Open_State         bssCOMRAM    000031
_Exit_Time_Menu              text27       0071CA
_Flag_End_Stop_Open          bssCOMRAM    00002B
_Flag_Latch                  bssCOMRAM    00002C
_Flag_Menu                   bssCOMRAM    00002D
_INTCONbits                  (abs)        000FF2
_Inductive_State             bssCOMRAM    000034
_Last_Button_Menu_Down_State dataCOMRAM   00003F
_Last_Button_Menu_Up_State   dataCOMRAM   000040
_Last_Inductive_State        bssCOMRAM    000035
_Last_Open_Contact_State     dataCOMRAM   000041
_Latch                       nvCOMRAM     000042
_Menu                        text4        0076E2
_Menu_In                     text3        007444
_Menu_P1                     text22       00751A
_Menu_P2                     text7        007A48
_Menu_P3                     text6        0075FE
_Menu_P4                     text5        007D24
_Open_Contact_State          bssCOMRAM    000033
_Open_Lock                   text1        007878
_PORTAbits                   (abs)        000F80
_PORTB                       (abs)        000F81
_PORTCbits                   (abs)        000F82
_Recording                   text24       007310
_Sense_Current               text36       006D56
_TRISAbits                   (abs)        000F92
_TRISB                       (abs)        000F93
_TRISCbits                   (abs)        000F94
_Toggle_Down                 bssCOMRAM    00002E
_Toggle_Up                   bssCOMRAM    00002F
__CFG_BOR$OFF                (abs)        000000
__CFG_BORV$3                 (abs)        000000
__CFG_CCP2MX$ON              (abs)        000000
__CFG_CP0$OFF                (abs)        000000
__CFG_CP1$OFF                (abs)        000000
__CFG_CP2$OFF                (abs)        000000
__CFG_CP3$OFF                (abs)        000000
__CFG_CPB$OFF                (abs)        000000
__CFG_CPD$OFF                (abs)        000000
__CFG_CPUDIV$OSC1_PLL2       (abs)        000000
__CFG_EBTR0$OFF              (abs)        000000
__CFG_EBTR1$OFF              (abs)        000000
__CFG_EBTR2$OFF              (abs)        000000
__CFG_EBTR3$OFF              (abs)        000000
__CFG_EBTRB$OFF              (abs)        000000
__CFG_FCMEN$OFF              (abs)        000000
__CFG_FOSC$HS                (abs)        000000
__CFG_IESO$OFF               (abs)        000000
__CFG_LPT1OSC$OFF            (abs)        000000
__CFG_LVP$OFF                (abs)        000000
__CFG_MCLRE$ON               (abs)        000000
__CFG_PBADEN$ON              (abs)        000000
__CFG_PLLDIV$1               (abs)        000000
__CFG_PWRT$OFF               (abs)        000000
__CFG_STVREN$ON              (abs)        000000
__CFG_USBDIV$1               (abs)        000000
__CFG_VREGEN$OFF             (abs)        000000
__CFG_WDT$OFF                (abs)        000000
__CFG_WDTPS$32768            (abs)        000000
__CFG_WRT0$OFF               (abs)        000000
__CFG_WRT1$OFF               (abs)        000000
__CFG_WRT2$OFF               (abs)        000000
__CFG_WRT3$OFF               (abs)        000000
__CFG_WRTB$OFF               (abs)        000000
__CFG_WRTC$OFF               (abs)        000000
__CFG_WRTD$OFF               (abs)        000000
__CFG_XINST$OFF              (abs)        000000
__HRAM                       (abs)        000000
__Habs1                      abs1         000000
__Hbank0                     bank0        000000
__Hbank1                     bank1        000000
__Hbank2                     bank2        000000
__Hbank3                     bank3        000000
__Hbank4                     bank4        000000
__Hbank5                     bank5        000000
__Hbank6                     bank6        000000
__Hbank7                     bank7        000000
__Hbigbss                    bigbss       000000
__Hbigdata                   bigdata      000000
__Hbigram                    bigram       000000
__Hbss                       bss          000000
__HbssCOMRAM                 bssCOMRAM    000000
__Hcinit                     cinit        000000
__Hclrtext                   clrtext      000000
__Hcomram                    comram       000000
__Hconfig                    config       30000E
__Hconst                     const        000000
__HcstackCOMRAM              cstackCOMRAM 000000
__Hdata                      data         000000
__HdataCOMRAM                dataCOMRAM   000000
__Heeprom_data               eeprom_data  000000
__Hfarbss                    farbss       000000
__Hfardata                   fardata      000000
__Hibigdata                  ibigdata     000000
__Hidata                     idata        000000
__HidataCOMRAM               idataCOMRAM  000000
__Hidloc                     idloc        200008
__Hifardata                  ifardata     000000
__Hinit                      init         000004
__Hintcode                   intcode      000000
__Hintcode_body              intcode_body 000000
__Hintcodelo                 intcodelo    000000
__Hintentry                  intentry     000000
__Hintret                    intret       000000
__Hintsave_regs              intsave_regs 000000
__Hirdata                    irdata       000000
__Hmediumconst               mediumconst  000000
__HnvCOMRAM                  nvCOMRAM     000000
__HnvFARRAM                  nvFARRAM     000000
__Hnvbit                     nvbit        000000
__Hnvrram                    nvrram       000000
__Hparam                     rparam       000000
__Hpowerup                   powerup      000000
__Hram                       ram          000000
__Hramtop                    ramtop       000800
__Hrbit                      rbit         000000
__Hrbss                      rbss         000000
__Hrdata                     rdata        000000
__Hreset_vec                 reset_vec    000000
__Hrparam                    rparam       000000
__Hsfr                       sfr          000000
__Hsmallconst                smallconst   000000
__Hspace_0                   (abs)        30000E
__Hspace_1                   (abs)        000044
__Hspace_2                   (abs)        000000
__Hstack                     stack        000000
__Hstruct                    struct       000000
__Htemp                      temp         000000
__Htext                      text         000000
__Htext0                     text0        000000
__Htext1                     text1        000000
__Htext10                    text10       000000
__Htext11                    text11       000000
__Htext12                    text12       000000
__Htext13                    text13       000000
__Htext14                    text14       000000
__Htext15                    text15       000000
__Htext16                    text16       000000
__Htext17                    text17       000000
__Htext18                    text18       000000
__Htext19                    text19       000000
__Htext2                     text2        000000
__Htext20                    text20       000000
__Htext21                    text21       000000
__Htext22                    text22       000000
__Htext23                    text23       000000
__Htext24                    text24       000000
__Htext25                    text25       000000
__Htext26                    text26       000000
__Htext27                    text27       000000
__Htext28                    text28       000000
__Htext29                    text29       000000
__Htext3                     text3        000000
__Htext30                    text30       000000
__Htext31                    text31       000000
__Htext32                    text32       000000
__Htext33                    text33       000000
__Htext34                    text34       000000
__Htext35                    text35       000000
__Htext36                    text36       000000
__Htext37                    text37       000000
__Htext38                    text38       000000
__Htext39                    text39       000000
__Htext4                     text4        000000
__Htext5                     text5        000000
__Htext6                     text6        000000
__Htext7                     text7        000000
__Htext8                     text8        000000
__Htext9                     text9        000000
__LRAM                       (abs)        000001
__Labs1                      abs1         000000
__Lbank0                     bank0        000000
__Lbank1                     bank1        000000
__Lbank2                     bank2        000000
__Lbank3                     bank3        000000
__Lbank4                     bank4        000000
__Lbank5                     bank5        000000
__Lbank6                     bank6        000000
__Lbank7                     bank7        000000
__Lbigbss                    bigbss       000000
__Lbigdata                   bigdata      000000
__Lbigram                    bigram       000000
__Lbss                       bss          000000
__LbssCOMRAM                 bssCOMRAM    000000
__Lcinit                     cinit        000000
__Lclrtext                   clrtext      000000
__Lcomram                    comram       000000
__Lconfig                    config       300000
__Lconst                     const        000000
__LcstackCOMRAM              cstackCOMRAM 000000
__Ldata                      data         000000
__LdataCOMRAM                dataCOMRAM   000000
__Leeprom_data               eeprom_data  000000
__Lfarbss                    farbss       000000
__Lfardata                   fardata      000000
__Libigdata                  ibigdata     000000
__Lidata                     idata        000000
__LidataCOMRAM               idataCOMRAM  000000
__Lidloc                     idloc        200000
__Lifardata                  ifardata     000000
__Linit                      init         000000
__Lintcode                   intcode      000000
__Lintcode_body              intcode_body 000000
__Lintcodelo                 intcodelo    000000
__Lintentry                  intentry     000000
__Lintret                    intret       000000
__Lintsave_regs              intsave_regs 000000
__Lirdata                    irdata       000000
__Lmediumconst               mediumconst  000000
__LnvCOMRAM                  nvCOMRAM     000000
__LnvFARRAM                  nvFARRAM     000000
__Lnvbit                     nvbit        000000
__Lnvrram                    nvrram       000000
__Lparam                     rparam       000000
__Lpowerup                   powerup      000000
__Lram                       ram          000000
__Lramtop                    ramtop       000800
__Lrbit                      rbit         000000
__Lrbss                      rbss         000000
__Lrdata                     rdata        000000
__Lreset_vec                 reset_vec    000000
__Lrparam                    rparam       000000
__Lsfr                       sfr          000000
__Lsmallconst                smallconst   000000
__Lspace_0                   (abs)        000000
__Lspace_1                   (abs)        000000
__Lspace_2                   (abs)        000000
__Lstack                     stack        000000
__Lstruct                    struct       000000
__Ltemp                      temp         000000
__Ltext                      text         000000
__Ltext0                     text0        000000
__Ltext1                     text1        000000
__Ltext10                    text10       000000
__Ltext11                    text11       000000
__Ltext12                    text12       000000
__Ltext13                    text13       000000
__Ltext14                    text14       000000
__Ltext15                    text15       000000
__Ltext16                    text16       000000
__Ltext17                    text17       000000
__Ltext18                    text18       000000
__Ltext19                    text19       000000
__Ltext2                     text2        000000
__Ltext20                    text20       000000
__Ltext21                    text21       000000
__Ltext22                    text22       000000
__Ltext23                    text23       000000
__Ltext24                    text24       000000
__Ltext25                    text25       000000
__Ltext26                    text26       000000
__Ltext27                    text27       000000
__Ltext28                    text28       000000
__Ltext29                    text29       000000
__Ltext3                     text3        000000
__Ltext30                    text30       000000
__Ltext31                    text31       000000
__Ltext32                    text32       000000
__Ltext33                    text33       000000
__Ltext34                    text34       000000
__Ltext35                    text35       000000
__Ltext36                    text36       000000
__Ltext37                    text37       000000
__Ltext38                    text38       000000
__Ltext39                    text39       000000
__Ltext4                     text4        000000
__Ltext5                     text5        000000
__Ltext6                     text6        000000
__Ltext7                     text7        000000
__Ltext8                     text8        000000
__Ltext9                     text9        000000
__S0                         (abs)        30000E
__S1                         (abs)        000044
__S2                         (abs)        000000
___inthi_sp                  stack        000000
___intlo_sp                  stack        000000
___param_bank                (abs)        000000
___rparam_used               (abs)        000001
___sp                        stack        000000
__accesstop                  (abs)        000060
__activetblptr               (abs)        000002
__end_of_Analog_Read         text39       006D56
__end_of_Clear               text38       006CDC
__end_of_Close_Lock          text34       007310
__end_of_Closing             text35       007444
__end_of_Draw_0              text29       006E78
__end_of_Draw_1              text28       006EAA
__end_of_Draw_10             text21       006F40
__end_of_Draw_11             text20       006F72
__end_of_Draw_12             text19       006FA4
__end_of_Draw_13             text18       006FD6
__end_of_Draw_14             text17       007008
__end_of_Draw_15             text16       00703A
__end_of_Draw_2              text15       00706C
__end_of_Draw_3              text14       00709E
__end_of_Draw_4              text13       0070D0
__end_of_Draw_5              text12       007102
__end_of_Draw_6              text11       007134
__end_of_Draw_7              text10       007166
__end_of_Draw_8              text9        007198
__end_of_Draw_9              text8        0071CA
__end_of_Draw_CL             text37       006D0C
__end_of_Draw_P1             text33       006DB0
__end_of_Draw_P2             text32       006DE2
__end_of_Draw_P3             text31       006E14
__end_of_Draw_P4             text30       006E46
__end_of_Draw_Save_Dot_One   text26       006EDC
__end_of_Draw_Save_Dot_Two   text25       006F0E
__end_of_Exit_Time_Menu      text27       0071FE
__end_of_Menu                text4        007878
__end_of_Menu_In             text3        00751A
__end_of_Menu_P1             text22       0075FE
__end_of_Menu_P2             text7        007D24
__end_of_Menu_P3             text6        0076E2
__end_of_Menu_P4             text5        008000
__end_of_Open_Lock           text1        007A48
__end_of_Recording           text24       00739A
__end_of_Sense_Current       text36       006D7E
__end_of__initialization     cinit        007228
__end_of_eeprom_readx        text2        006CEA
__end_of_eeprom_writex       text23       006D2E
__end_of_main                text0        00728E
__initialization             cinit        0071FE
__mediumconst                mediumconst  000000
__pbssCOMRAM                 bssCOMRAM    000001
__pcinit                     cinit        0071FE
__pcstackCOMRAM              cstackCOMRAM 000036
__pdataCOMRAM                dataCOMRAM   00003F
__pidataCOMRAM               idataCOMRAM  006CCF
__pnvCOMRAM                  nvCOMRAM     000042
__ptext0                     text0        007232
__ptext1                     text1        007878
__ptext10                    text10       007134
__ptext11                    text11       007102
__ptext12                    text12       0070D0
__ptext13                    text13       00709E
__ptext14                    text14       00706C
__ptext15                    text15       00703A
__ptext16                    text16       007008
__ptext17                    text17       006FD6
__ptext18                    text18       006FA4
__ptext19                    text19       006F72
__ptext2                     text2        006CDC
__ptext20                    text20       006F40
__ptext21                    text21       006F0E
__ptext22                    text22       00751A
__ptext23                    text23       006D0C
__ptext24                    text24       007310
__ptext25                    text25       006EDC
__ptext26                    text26       006EAA
__ptext27                    text27       0071CA
__ptext28                    text28       006E78
__ptext29                    text29       006E46
__ptext3                     text3        007444
__ptext30                    text30       006E14
__ptext31                    text31       006DE2
__ptext32                    text32       006DB0
__ptext33                    text33       006D7E
__ptext34                    text34       00728E
__ptext35                    text35       00739A
__ptext36                    text36       006D56
__ptext37                    text37       006CEA
__ptext38                    text38       006CD2
__ptext39                    text39       006D2E
__ptext4                     text4        0076E2
__ptext5                     text5        007D24
__ptext6                     text6        0075FE
__ptext7                     text7        007A48
__ptext8                     text8        007198
__ptext9                     text9        007166
__ramtop                     ramtop       000800
__size_of_Analog_Read        (abs)        000000
__size_of_Clear              (abs)        000000
__size_of_Close_Lock         (abs)        000000
__size_of_Closing            (abs)        000000
__size_of_Draw_0             (abs)        000000
__size_of_Draw_1             (abs)        000000
__size_of_Draw_10            (abs)        000000
__size_of_Draw_11            (abs)        000000
__size_of_Draw_12            (abs)        000000
__size_of_Draw_13            (abs)        000000
__size_of_Draw_14            (abs)        000000
__size_of_Draw_15            (abs)        000000
__size_of_Draw_2             (abs)        000000
__size_of_Draw_3             (abs)        000000
__size_of_Draw_4             (abs)        000000
__size_of_Draw_5             (abs)        000000
__size_of_Draw_6             (abs)        000000
__size_of_Draw_7             (abs)        000000
__size_of_Draw_8             (abs)        000000
__size_of_Draw_9             (abs)        000000
__size_of_Draw_CL            (abs)        000000
__size_of_Draw_P1            (abs)        000000
__size_of_Draw_P2            (abs)        000000
__size_of_Draw_P3            (abs)        000000
__size_of_Draw_P4            (abs)        000000
__size_of_Draw_Save_Dot_One  (abs)        000000
__size_of_Draw_Save_Dot_Two  (abs)        000000
__size_of_Exit_Time_Menu     (abs)        000000
__size_of_Menu               (abs)        000000
__size_of_Menu_In            (abs)        000000
__size_of_Menu_P1            (abs)        000000
__size_of_Menu_P2            (abs)        000000
__size_of_Menu_P3            (abs)        000000
__size_of_Menu_P4            (abs)        000000
__size_of_Open_Lock          (abs)        000000
__size_of_Recording          (abs)        000000
__size_of_Sense_Current      (abs)        000000
__size_of_eeprom_readx       (abs)        000000
__size_of_eeprom_writex      (abs)        000000
__size_of_main               (abs)        000000
__smallconst                 smallconst   000000
_data_test                   bssCOMRAM    000021
_eeprom_readx                text2        006CDC
_eeprom_writex               text23       006D0C
_main                        text0        007232
eeprom_readx@address         cstackCOMRAM 000036
eeprom_writex@address        cstackCOMRAM 000036
eeprom_writex@data           cstackCOMRAM 000038
end_of_initialization        cinit        007228
intlevel0                    text         000000
intlevel1                    text         000000
intlevel2                    text         000000
intlevel3                    text         000000
stackhi                      (abs)        0007FF
stacklo                      (abs)        000060
start                        init         000000
start_initialization         cinit        0071FE


FUNCTION INFORMATION:

 *************** function _main *****************
 Defined at:
		line 116 in file "main.c"
 Parameters:    Size  Location     Type
		None
 Auto vars:     Size  Location     Type
		None
 Return value:  Size  Location     Type
                  1    wreg      void 
 Registers used:
		wreg, status,2, status,0, cstack
 Tracked objects:
		On entry : 
		On exit  : 
		Unchanged: 
 Data sizes:     COMRAM   BANK0   BANK1   BANK2   BANK3   BANK4   BANK5   BANK6   BANK7
      Params:         0       0       0       0       0       0       0       0       0
      Locals:         0       0       0       0       0       0       0       0       0
      Temps:          0       0       0       0       0       0       0       0       0
      Totals:         0       0       0       0       0       0       0       0       0
Total ram usage:        0 bytes
 Hardware stack levels required when called:    5
 This function calls:
		_Close_Lock
		_Menu_In
		_Open_Lock
		_eeprom_readx
 This function is called by:
		Startup code after reset
 This function uses a non-reentrant model


 *************** function _Open_Lock *****************
 Defined at:
		line 180 in file "main.c"
 Parameters:    Size  Location     Type
		None
 Auto vars:     Size  Location     Type
  Value_Latch     2    4[COMRAM] int 
 Return value:  Size  Location     Type
                  1    wreg      void 
 Registers used:
		wreg, status,2, status,0, cstack
 Tracked objects:
		On entry : 
		On exit  : 
		Unchanged: 
 Data sizes:     COMRAM   BANK0   BANK1   BANK2   BANK3   BANK4   BANK5   BANK6   BANK7
      Params:         0       0       0       0       0       0       0       0       0
      Locals:         2       0       0       0       0       0       0       0       0
      Temps:          2       0       0       0       0       0       0       0       0
      Totals:         4       0       0       0       0       0       0       0       0
Total ram usage:        4 bytes
 Hardware stack levels used:    1
 Hardware stack levels required when called:    3
 This function calls:
		_Closing
		_Sense_Current
		_eeprom_readx
 This function is called by:
		_main
 This function uses a non-reentrant model


 *************** function _eeprom_readx *****************
 Defined at:
		line 313 in file "main.c"
 Parameters:    Size  Location     Type
  address         2    0[COMRAM] int 
 Auto vars:     Size  Location     Type
		None
 Return value:  Size  Location     Type
                  1    wreg      unsigned char 
 Registers used:
		wreg, status,2
 Tracked objects:
		On entry : 
		On exit  : 
		Unchanged: 
 Data sizes:     COMRAM   BANK0   BANK1   BANK2   BANK3   BANK4   BANK5   BANK6   BANK7
      Params:         2       0       0       0       0       0       0       0       0
      Locals:         0       0       0       0       0       0       0       0       0
      Temps:          0       0       0       0       0       0       0       0       0
      Totals:         2       0       0       0       0       0       0       0       0
Total ram usage:        2 bytes
 Hardware stack levels used:    1
 This function calls:
		Nothing
 This function is called by:
		_main
		_Open_Lock
 This function uses a non-reentrant model


 *************** function _Menu_In *****************
 Defined at:
		line 321 in file "main.c"
 Parameters:    Size  Location     Type
		None
 Auto vars:     Size  Location     Type
		None
 Return value:  Size  Location     Type
                  1    wreg      void 
 Registers used:
		wreg, status,2, status,0, cstack
 Tracked objects:
		On entry : 
		On exit  : 
		Unchanged: 
 Data sizes:     COMRAM   BANK0   BANK1   BANK2   BANK3   BANK4   BANK5   BANK6   BANK7
      Params:         0       0       0       0       0       0       0       0       0
      Locals:         0       0       0       0       0       0       0       0       0
      Temps:          2       0       0       0       0       0       0       0       0
      Totals:         2       0       0       0       0       0       0       0       0
Total ram usage:        2 bytes
 Hardware stack levels used:    1
 Hardware stack levels required when called:    4
 This function calls:
		_Menu
 This function is called by:
		_main
 This function uses a non-reentrant model


 *************** function _Menu *****************
 Defined at:
		line 353 in file "main.c"
 Parameters:    Size  Location     Type
		None
 Auto vars:     Size  Location     Type
		None
 Return value:  Size  Location     Type
                  1    wreg      void 
 Registers used:
		wreg, status,2, status,0, cstack
 Tracked objects:
		On entry : 
		On exit  : 
		Unchanged: 
 Data sizes:     COMRAM   BANK0   BANK1   BANK2   BANK3   BANK4   BANK5   BANK6   BANK7
      Params:         0       0       0       0       0       0       0       0       0
      Locals:         0       0       0       0       0       0       0       0       0
      Temps:          2       0       0       0       0       0       0       0       0
      Totals:         2       0       0       0       0       0       0       0       0
Total ram usage:        2 bytes
 Hardware stack levels used:    1
 Hardware stack levels required when called:    3
 This function calls:
		_Draw_P1
		_Draw_P2
		_Draw_P3
		_Draw_P4
		_Exit_Time_Menu
		_Menu_P1
		_Menu_P2
		_Menu_P3
		_Menu_P4
 This function is called by:
		_Menu_In
 This function uses a non-reentrant model


 *************** function _Menu_P4 *****************
 Defined at:
		line 659 in file "main.c"
 Parameters:    Size  Location     Type
		None
 Auto vars:     Size  Location     Type
		None
 Return value:  Size  Location     Type
                  1    wreg      void 
 Registers used:
		wreg, status,2, status,0, cstack
 Tracked objects:
		On entry : 
		On exit  : 
		Unchanged: 
 Data sizes:     COMRAM   BANK0   BANK1   BANK2   BANK3   BANK4   BANK5   BANK6   BANK7
      Params:         0       0       0       0       0       0       0       0       0
      Locals:         0       0       0       0       0       0       0       0       0
      Temps:          2       0       0       0       0       0       0       0       0
      Totals:         2       0       0       0       0       0       0       0       0
Total ram usage:        2 bytes
 Hardware stack levels used:    1
 Hardware stack levels required when called:    2
 This function calls:
		_Draw_0
		_Draw_1
		_Draw_10
		_Draw_11
		_Draw_12
		_Draw_13
		_Draw_14
		_Draw_15
		_Draw_2
		_Draw_3
		_Draw_4
		_Draw_5
		_Draw_6
		_Draw_7
		_Draw_8
		_Draw_9
		_Exit_Time_Menu
		_Recording
		_eeprom_writex
 This function is called by:
		_Menu
 This function uses a non-reentrant model


 *************** function _Menu_P3 *****************
 Defined at:
		line 614 in file "main.c"
 Parameters:    Size  Location     Type
		None
 Auto vars:     Size  Location     Type
		None
 Return value:  Size  Location     Type
                  1    wreg      void 
 Registers used:
		wreg, status,2, status,0, cstack
 Tracked objects:
		On entry : 
		On exit  : 
		Unchanged: 
 Data sizes:     COMRAM   BANK0   BANK1   BANK2   BANK3   BANK4   BANK5   BANK6   BANK7
      Params:         0       0       0       0       0       0       0       0       0
      Locals:         0       0       0       0       0       0       0       0       0
      Temps:          2       0       0       0       0       0       0       0       0
      Totals:         2       0       0       0       0       0       0       0       0
Total ram usage:        2 bytes
 Hardware stack levels used:    1
 Hardware stack levels required when called:    2
 This function calls:
		_Draw_0
		_Draw_1
		_Exit_Time_Menu
		_Recording
		_eeprom_writex
 This function is called by:
		_Menu
 This function uses a non-reentrant model


 *************** function _Menu_P2 *****************
 Defined at:
		line 471 in file "main.c"
 Parameters:    Size  Location     Type
		None
 Auto vars:     Size  Location     Type
		None
 Return value:  Size  Location     Type
                  1    wreg      void 
 Registers used:
		wreg, status,2, status,0, cstack
 Tracked objects:
		On entry : 
		On exit  : 
		Unchanged: 
 Data sizes:     COMRAM   BANK0   BANK1   BANK2   BANK3   BANK4   BANK5   BANK6   BANK7
      Params:         0       0       0       0       0       0       0       0       0
      Locals:         0       0       0       0       0       0       0       0       0
      Temps:          2       0       0       0       0       0       0       0       0
      Totals:         2       0       0       0       0       0       0       0       0
Total ram usage:        2 bytes
 Hardware stack levels used:    1
 Hardware stack levels required when called:    2
 This function calls:
		_Draw_0
		_Draw_1
		_Draw_10
		_Draw_11
		_Draw_12
		_Draw_13
		_Draw_14
		_Draw_15
		_Draw_2
		_Draw_3
		_Draw_4
		_Draw_5
		_Draw_6
		_Draw_7
		_Draw_8
		_Draw_9
		_Exit_Time_Menu
		_Recording
		_eeprom_writex
 This function is called by:
		_Menu
 This function uses a non-reentrant model


 *************** function _Draw_9 *****************
 Defined at:
		line 962 in file "main.c"
 Parameters:    Size  Location     Type
		None
 Auto vars:     Size  Location     Type
		None
 Return value:  Size  Location     Type
                  1    wreg      void 
 Registers used:
		wreg, status,2
 Tracked objects:
		On entry : 
		On exit  : 
		Unchanged: 
 Data sizes:     COMRAM   BANK0   BANK1   BANK2   BANK3   BANK4   BANK5   BANK6   BANK7
      Params:         0       0       0       0       0       0       0       0       0
      Locals:         0       0       0       0       0       0       0       0       0
      Temps:          1       0       0       0       0       0       0       0       0
      Totals:         1       0       0       0       0       0       0       0       0
Total ram usage:        1 bytes
 Hardware stack levels used:    1
 This function calls:
		Nothing
 This function is called by:
		_Menu_P2
		_Menu_P4
 This function uses a non-reentrant model


 *************** function _Draw_8 *****************
 Defined at:
		line 951 in file "main.c"
 Parameters:    Size  Location     Type
		None
 Auto vars:     Size  Location     Type
		None
 Return value:  Size  Location     Type
                  1    wreg      void 
 Registers used:
		wreg, status,2
 Tracked objects:
		On entry : 
		On exit  : 
		Unchanged: 
 Data sizes:     COMRAM   BANK0   BANK1   BANK2   BANK3   BANK4   BANK5   BANK6   BANK7
      Params:         0       0       0       0       0       0       0       0       0
      Locals:         0       0       0       0       0       0       0       0       0
      Temps:          1       0       0       0       0       0       0       0       0
      Totals:         1       0       0       0       0       0       0       0       0
Total ram usage:        1 bytes
 Hardware stack levels used:    1
 This function calls:
		Nothing
 This function is called by:
		_Menu_P2
		_Menu_P4
 This function uses a non-reentrant model


 *************** function _Draw_7 *****************
 Defined at:
		line 940 in file "main.c"
 Parameters:    Size  Location     Type
		None
 Auto vars:     Size  Location     Type
		None
 Return value:  Size  Location     Type
                  1    wreg      void 
 Registers used:
		wreg, status,2
 Tracked objects:
		On entry : 
		On exit  : 
		Unchanged: 
 Data sizes:     COMRAM   BANK0   BANK1   BANK2   BANK3   BANK4   BANK5   BANK6   BANK7
      Params:         0       0       0       0       0       0       0       0       0
      Locals:         0       0       0       0       0       0       0       0       0
      Temps:          1       0       0       0       0       0       0       0       0
      Totals:         1       0       0       0       0       0       0       0       0
Total ram usage:        1 bytes
 Hardware stack levels used:    1
 This function calls:
		Nothing
 This function is called by:
		_Menu_P2
		_Menu_P4
 This function uses a non-reentrant model


 *************** function _Draw_6 *****************
 Defined at:
		line 929 in file "main.c"
 Parameters:    Size  Location     Type
		None
 Auto vars:     Size  Location     Type
		None
 Return value:  Size  Location     Type
                  1    wreg      void 
 Registers used:
		wreg, status,2
 Tracked objects:
		On entry : 
		On exit  : 
		Unchanged: 
 Data sizes:     COMRAM   BANK0   BANK1   BANK2   BANK3   BANK4   BANK5   BANK6   BANK7
      Params:         0       0       0       0       0       0       0       0       0
      Locals:         0       0       0       0       0       0       0       0       0
      Temps:          1       0       0       0       0       0       0       0       0
      Totals:         1       0       0       0       0       0       0       0       0
Total ram usage:        1 bytes
 Hardware stack levels used:    1
 This function calls:
		Nothing
 This function is called by:
		_Menu_P2
		_Menu_P4
 This function uses a non-reentrant model


 *************** function _Draw_5 *****************
 Defined at:
		line 918 in file "main.c"
 Parameters:    Size  Location     Type
		None
 Auto vars:     Size  Location     Type
		None
 Return value:  Size  Location     Type
                  1    wreg      void 
 Registers used:
		wreg, status,2
 Tracked objects:
		On entry : 
		On exit  : 
		Unchanged: 
 Data sizes:     COMRAM   BANK0   BANK1   BANK2   BANK3   BANK4   BANK5   BANK6   BANK7
      Params:         0       0       0       0       0       0       0       0       0
      Locals:         0       0       0       0       0       0       0       0       0
      Temps:          1       0       0       0       0       0       0       0       0
      Totals:         1       0       0       0       0       0       0       0       0
Total ram usage:        1 bytes
 Hardware stack levels used:    1
 This function calls:
		Nothing
 This function is called by:
		_Menu_P2
		_Menu_P4
 This function uses a non-reentrant model


 *************** function _Draw_4 *****************
 Defined at:
		line 907 in file "main.c"
 Parameters:    Size  Location     Type
		None
 Auto vars:     Size  Location     Type
		None
 Return value:  Size  Location     Type
                  1    wreg      void 
 Registers used:
		wreg, status,2
 Tracked objects:
		On entry : 
		On exit  : 
		Unchanged: 
 Data sizes:     COMRAM   BANK0   BANK1   BANK2   BANK3   BANK4   BANK5   BANK6   BANK7
      Params:         0       0       0       0       0       0       0       0       0
      Locals:         0       0       0       0       0       0       0       0       0
      Temps:          1       0       0       0       0       0       0       0       0
      Totals:         1       0       0       0       0       0       0       0       0
Total ram usage:        1 bytes
 Hardware stack levels used:    1
 This function calls:
		Nothing
 This function is called by:
		_Menu_P2
		_Menu_P4
 This function uses a non-reentrant model


 *************** function _Draw_3 *****************
 Defined at:
		line 896 in file "main.c"
 Parameters:    Size  Location     Type
		None
 Auto vars:     Size  Location     Type
		None
 Return value:  Size  Location     Type
                  1    wreg      void 
 Registers used:
		wreg, status,2
 Tracked objects:
		On entry : 
		On exit  : 
		Unchanged: 
 Data sizes:     COMRAM   BANK0   BANK1   BANK2   BANK3   BANK4   BANK5   BANK6   BANK7
      Params:         0       0       0       0       0       0       0       0       0
      Locals:         0       0       0       0       0       0       0       0       0
      Temps:          1       0       0       0       0       0       0       0       0
      Totals:         1       0       0       0       0       0       0       0       0
Total ram usage:        1 bytes
 Hardware stack levels used:    1
 This function calls:
		Nothing
 This function is called by:
		_Menu_P2
		_Menu_P4
 This function uses a non-reentrant model


 *************** function _Draw_2 *****************
 Defined at:
		line 885 in file "main.c"
 Parameters:    Size  Location     Type
		None
 Auto vars:     Size  Location     Type
		None
 Return value:  Size  Location     Type
                  1    wreg      void 
 Registers used:
		wreg, status,2
 Tracked objects:
		On entry : 
		On exit  : 
		Unchanged: 
 Data sizes:     COMRAM   BANK0   BANK1   BANK2   BANK3   BANK4   BANK5   BANK6   BANK7
      Params:         0       0       0       0       0       0       0       0       0
      Locals:         0       0       0       0       0       0       0       0       0
      Temps:          1       0       0       0       0       0       0       0       0
      Totals:         1       0       0       0       0       0       0       0       0
Total ram usage:        1 bytes
 Hardware stack levels used:    1
 This function calls:
		Nothing
 This function is called by:
		_Menu_P2
		_Menu_P4
 This function uses a non-reentrant model


 *************** function _Draw_15 *****************
 Defined at:
		line 1028 in file "main.c"
 Parameters:    Size  Location     Type
		None
 Auto vars:     Size  Location     Type
		None
 Return value:  Size  Location     Type
                  1    wreg      void 
 Registers used:
		wreg, status,2
 Tracked objects:
		On entry : 
		On exit  : 
		Unchanged: 
 Data sizes:     COMRAM   BANK0   BANK1   BANK2   BANK3   BANK4   BANK5   BANK6   BANK7
      Params:         0       0       0       0       0       0       0       0       0
      Locals:         0       0       0       0       0       0       0       0       0
      Temps:          1       0       0       0       0       0       0       0       0
      Totals:         1       0       0       0       0       0       0       0       0
Total ram usage:        1 bytes
 Hardware stack levels used:    1
 This function calls:
		Nothing
 This function is called by:
		_Menu_P2
		_Menu_P4
 This function uses a non-reentrant model


 *************** function _Draw_14 *****************
 Defined at:
		line 1017 in file "main.c"
 Parameters:    Size  Location     Type
		None
 Auto vars:     Size  Location     Type
		None
 Return value:  Size  Location     Type
                  1    wreg      void 
 Registers used:
		wreg, status,2
 Tracked objects:
		On entry : 
		On exit  : 
		Unchanged: 
 Data sizes:     COMRAM   BANK0   BANK1   BANK2   BANK3   BANK4   BANK5   BANK6   BANK7
      Params:         0       0       0       0       0       0       0       0       0
      Locals:         0       0       0       0       0       0       0       0       0
      Temps:          1       0       0       0       0       0       0       0       0
      Totals:         1       0       0       0       0       0       0       0       0
Total ram usage:        1 bytes
 Hardware stack levels used:    1
 This function calls:
		Nothing
 This function is called by:
		_Menu_P2
		_Menu_P4
 This function uses a non-reentrant model


 *************** function _Draw_13 *****************
 Defined at:
		line 1006 in file "main.c"
 Parameters:    Size  Location     Type
		None
 Auto vars:     Size  Location     Type
		None
 Return value:  Size  Location     Type
                  1    wreg      void 
 Registers used:
		wreg, status,2
 Tracked objects:
		On entry : 
		On exit  : 
		Unchanged: 
 Data sizes:     COMRAM   BANK0   BANK1   BANK2   BANK3   BANK4   BANK5   BANK6   BANK7
      Params:         0       0       0       0       0       0       0       0       0
      Locals:         0       0       0       0       0       0       0       0       0
      Temps:          1       0       0       0       0       0       0       0       0
      Totals:         1       0       0       0       0       0       0       0       0
Total ram usage:        1 bytes
 Hardware stack levels used:    1
 This function calls:
		Nothing
 This function is called by:
		_Menu_P2
		_Menu_P4
 This function uses a non-reentrant model


 *************** function _Draw_12 *****************
 Defined at:
		line 995 in file "main.c"
 Parameters:    Size  Location     Type
		None
 Auto vars:     Size  Location     Type
		None
 Return value:  Size  Location     Type
                  1    wreg      void 
 Registers used:
		wreg, status,2
 Tracked objects:
		On entry : 
		On exit  : 
		Unchanged: 
 Data sizes:     COMRAM   BANK0   BANK1   BANK2   BANK3   BANK4   BANK5   BANK6   BANK7
      Params:         0       0       0       0       0       0       0       0       0
      Locals:         0       0       0       0       0       0       0       0       0
      Temps:          1       0       0       0       0       0       0       0       0
      Totals:         1       0       0       0       0       0       0       0       0
Total ram usage:        1 bytes
 Hardware stack levels used:    1
 This function calls:
		Nothing
 This function is called by:
		_Menu_P2
		_Menu_P4
 This function uses a non-reentrant model


 *************** function _Draw_11 *****************
 Defined at:
		line 984 in file "main.c"
 Parameters:    Size  Location     Type
		None
 Auto vars:     Size  Location     Type
		None
 Return value:  Size  Location     Type
                  1    wreg      void 
 Registers used:
		wreg, status,2
 Tracked objects:
		On entry : 
		On exit  : 
		Unchanged: 
 Data sizes:     COMRAM   BANK0   BANK1   BANK2   BANK3   BANK4   BANK5   BANK6   BANK7
      Params:         0       0       0       0       0       0       0       0       0
      Locals:         0       0       0       0       0       0       0       0       0
      Temps:          1       0       0       0       0       0       0       0       0
      Totals:         1       0       0       0       0       0       0       0       0
Total ram usage:        1 bytes
 Hardware stack levels used:    1
 This function calls:
		Nothing
 This function is called by:
		_Menu_P2
		_Menu_P4
 This function uses a non-reentrant model


 *************** function _Draw_10 *****************
 Defined at:
		line 973 in file "main.c"
 Parameters:    Size  Location     Type
		None
 Auto vars:     Size  Location     Type
		None
 Return value:  Size  Location     Type
                  1    wreg      void 
 Registers used:
		wreg, status,2
 Tracked objects:
		On entry : 
		On exit  : 
		Unchanged: 
 Data sizes:     COMRAM   BANK0   BANK1   BANK2   BANK3   BANK4   BANK5   BANK6   BANK7
      Params:         0       0       0       0       0       0       0       0       0
      Locals:         0       0       0       0       0       0       0       0       0
      Temps:          1       0       0       0       0       0       0       0       0
      Totals:         1       0       0       0       0       0       0       0       0
Total ram usage:        1 bytes
 Hardware stack levels used:    1
 This function calls:
		Nothing
 This function is called by:
		_Menu_P2
		_Menu_P4
 This function uses a non-reentrant model


 *************** function _Menu_P1 *****************
 Defined at:
		line 426 in file "main.c"
 Parameters:    Size  Location     Type
		None
 Auto vars:     Size  Location     Type
		None
 Return value:  Size  Location     Type
                  1    wreg      void 
 Registers used:
		wreg, status,2, status,0, cstack
 Tracked objects:
		On entry : 
		On exit  : 
		Unchanged: 
 Data sizes:     COMRAM   BANK0   BANK1   BANK2   BANK3   BANK4   BANK5   BANK6   BANK7
      Params:         0       0       0       0       0       0       0       0       0
      Locals:         0       0       0       0       0       0       0       0       0
      Temps:          2       0       0       0       0       0       0       0       0
      Totals:         2       0       0       0       0       0       0       0       0
Total ram usage:        2 bytes
 Hardware stack levels used:    1
 Hardware stack levels required when called:    2
 This function calls:
		_Draw_0
		_Draw_1
		_Exit_Time_Menu
		_Recording
		_eeprom_writex
 This function is called by:
		_Menu
 This function uses a non-reentrant model


 *************** function _eeprom_writex *****************
 Defined at:
		line 297 in file "main.c"
 Parameters:    Size  Location     Type
  address         2    0[COMRAM] int 
  data            1    2[COMRAM] unsigned char 
 Auto vars:     Size  Location     Type
		None
 Return value:  Size  Location     Type
                  1    wreg      void 
 Registers used:
		wreg, status,2
 Tracked objects:
		On entry : 
		On exit  : 
		Unchanged: 
 Data sizes:     COMRAM   BANK0   BANK1   BANK2   BANK3   BANK4   BANK5   BANK6   BANK7
      Params:         3       0       0       0       0       0       0       0       0
      Locals:         0       0       0       0       0       0       0       0       0
      Temps:          0       0       0       0       0       0       0       0       0
      Totals:         3       0       0       0       0       0       0       0       0
Total ram usage:        3 bytes
 Hardware stack levels used:    1
 This function calls:
		Nothing
 This function is called by:
		_Menu_P1
		_Menu_P2
		_Menu_P3
		_Menu_P4
 This function uses a non-reentrant model


 *************** function _Recording *****************
 Defined at:
		line 1061 in file "main.c"
 Parameters:    Size  Location     Type
		None
 Auto vars:     Size  Location     Type
		None
 Return value:  Size  Location     Type
                  1    wreg      void 
 Registers used:
		wreg, status,2, status,0, cstack
 Tracked objects:
		On entry : 
		On exit  : 
		Unchanged: 
 Data sizes:     COMRAM   BANK0   BANK1   BANK2   BANK3   BANK4   BANK5   BANK6   BANK7
      Params:         0       0       0       0       0       0       0       0       0
      Locals:         0       0       0       0       0       0       0       0       0
      Temps:          2       0       0       0       0       0       0       0       0
      Totals:         2       0       0       0       0       0       0       0       0
Total ram usage:        2 bytes
 Hardware stack levels used:    1
 Hardware stack levels required when called:    1
 This function calls:
		_Clear
		_Draw_Save_Dot_One
		_Draw_Save_Dot_Two
 This function is called by:
		_Menu_P1
		_Menu_P2
		_Menu_P3
		_Menu_P4
 This function uses a non-reentrant model


 *************** function _Draw_Save_Dot_Two *****************
 Defined at:
		line 1050 in file "main.c"
 Parameters:    Size  Location     Type
		None
 Auto vars:     Size  Location     Type
		None
 Return value:  Size  Location     Type
                  1    wreg      void 
 Registers used:
		wreg, status,2
 Tracked objects:
		On entry : 
		On exit  : 
		Unchanged: 
 Data sizes:     COMRAM   BANK0   BANK1   BANK2   BANK3   BANK4   BANK5   BANK6   BANK7
      Params:         0       0       0       0       0       0       0       0       0
      Locals:         0       0       0       0       0       0       0       0       0
      Temps:          1       0       0       0       0       0       0       0       0
      Totals:         1       0       0       0       0       0       0       0       0
Total ram usage:        1 bytes
 Hardware stack levels used:    1
 This function calls:
		Nothing
 This function is called by:
		_Recording
 This function uses a non-reentrant model


 *************** function _Draw_Save_Dot_One *****************
 Defined at:
		line 1039 in file "main.c"
 Parameters:    Size  Location     Type
		None
 Auto vars:     Size  Location     Type
		None
 Return value:  Size  Location     Type
                  1    wreg      void 
 Registers used:
		wreg, status,2
 Tracked objects:
		On entry : 
		On exit  : 
		Unchanged: 
 Data sizes:     COMRAM   BANK0   BANK1   BANK2   BANK3   BANK4   BANK5   BANK6   BANK7
      Params:         0       0       0       0       0       0       0       0       0
      Locals:         0       0       0       0       0       0       0       0       0
      Temps:          1       0       0       0       0       0       0       0       0
      Totals:         1       0       0       0       0       0       0       0       0
Total ram usage:        1 bytes
 Hardware stack levels used:    1
 This function calls:
		Nothing
 This function is called by:
		_Recording
 This function uses a non-reentrant model


 *************** function _Exit_Time_Menu *****************
 Defined at:
		line 418 in file "main.c"
 Parameters:    Size  Location     Type
		None
 Auto vars:     Size  Location     Type
		None
 Return value:  Size  Location     Type
                  1    wreg      void 
 Registers used:
		wreg, status,2, status,0
 Tracked objects:
		On entry : 
		On exit  : 
		Unchanged: 
 Data sizes:     COMRAM   BANK0   BANK1   BANK2   BANK3   BANK4   BANK5   BANK6   BANK7
      Params:         0       0       0       0       0       0       0       0       0
      Locals:         0       0       0       0       0       0       0       0       0
      Temps:          0       0       0       0       0       0       0       0       0
      Totals:         0       0       0       0       0       0       0       0       0
Total ram usage:        0 bytes
 Hardware stack levels used:    1
 This function calls:
		Nothing
 This function is called by:
		_Menu
		_Menu_P1
		_Menu_P2
		_Menu_P3
		_Menu_P4
 This function uses a non-reentrant model


 *************** function _Draw_1 *****************
 Defined at:
		line 874 in file "main.c"
 Parameters:    Size  Location     Type
		None
 Auto vars:     Size  Location     Type
		None
 Return value:  Size  Location     Type
                  1    wreg      void 
 Registers used:
		wreg, status,2
 Tracked objects:
		On entry : 
		On exit  : 
		Unchanged: 
 Data sizes:     COMRAM   BANK0   BANK1   BANK2   BANK3   BANK4   BANK5   BANK6   BANK7
      Params:         0       0       0       0       0       0       0       0       0
      Locals:         0       0       0       0       0       0       0       0       0
      Temps:          1       0       0       0       0       0       0       0       0
      Totals:         1       0       0       0       0       0       0       0       0
Total ram usage:        1 bytes
 Hardware stack levels used:    1
 This function calls:
		Nothing
 This function is called by:
		_Menu_P1
		_Menu_P2
		_Menu_P3
		_Menu_P4
 This function uses a non-reentrant model


 *************** function _Draw_0 *****************
 Defined at:
		line 863 in file "main.c"
 Parameters:    Size  Location     Type
		None
 Auto vars:     Size  Location     Type
		None
 Return value:  Size  Location     Type
                  1    wreg      void 
 Registers used:
		wreg, status,2
 Tracked objects:
		On entry : 
		On exit  : 
		Unchanged: 
 Data sizes:     COMRAM   BANK0   BANK1   BANK2   BANK3   BANK4   BANK5   BANK6   BANK7
      Params:         0       0       0       0       0       0       0       0       0
      Locals:         0       0       0       0       0       0       0       0       0
      Temps:          1       0       0       0       0       0       0       0       0
      Totals:         1       0       0       0       0       0       0       0       0
Total ram usage:        1 bytes
 Hardware stack levels used:    1
 This function calls:
		Nothing
 This function is called by:
		_Menu_P1
		_Menu_P2
		_Menu_P3
		_Menu_P4
 This function uses a non-reentrant model


 *************** function _Draw_P4 *****************
 Defined at:
		line 852 in file "main.c"
 Parameters:    Size  Location     Type
		None
 Auto vars:     Size  Location     Type
		None
 Return value:  Size  Location     Type
                  1    wreg      void 
 Registers used:
		wreg, status,2
 Tracked objects:
		On entry : 
		On exit  : 
		Unchanged: 
 Data sizes:     COMRAM   BANK0   BANK1   BANK2   BANK3   BANK4   BANK5   BANK6   BANK7
      Params:         0       0       0       0       0       0       0       0       0
      Locals:         0       0       0       0       0       0       0       0       0
      Temps:          1       0       0       0       0       0       0       0       0
      Totals:         1       0       0       0       0       0       0       0       0
Total ram usage:        1 bytes
 Hardware stack levels used:    1
 This function calls:
		Nothing
 This function is called by:
		_Menu
 This function uses a non-reentrant model


 *************** function _Draw_P3 *****************
 Defined at:
		line 841 in file "main.c"
 Parameters:    Size  Location     Type
		None
 Auto vars:     Size  Location     Type
		None
 Return value:  Size  Location     Type
                  1    wreg      void 
 Registers used:
		wreg, status,2
 Tracked objects:
		On entry : 
		On exit  : 
		Unchanged: 
 Data sizes:     COMRAM   BANK0   BANK1   BANK2   BANK3   BANK4   BANK5   BANK6   BANK7
      Params:         0       0       0       0       0       0       0       0       0
      Locals:         0       0       0       0       0       0       0       0       0
      Temps:          1       0       0       0       0       0       0       0       0
      Totals:         1       0       0       0       0       0       0       0       0
Total ram usage:        1 bytes
 Hardware stack levels used:    1
 This function calls:
		Nothing
 This function is called by:
		_Menu
 This function uses a non-reentrant model


 *************** function _Draw_P2 *****************
 Defined at:
		line 830 in file "main.c"
 Parameters:    Size  Location     Type
		None
 Auto vars:     Size  Location     Type
		None
 Return value:  Size  Location     Type
                  1    wreg      void 
 Registers used:
		wreg, status,2
 Tracked objects:
		On entry : 
		On exit  : 
		Unchanged: 
 Data sizes:     COMRAM   BANK0   BANK1   BANK2   BANK3   BANK4   BANK5   BANK6   BANK7
      Params:         0       0       0       0       0       0       0       0       0
      Locals:         0       0       0       0       0       0       0       0       0
      Temps:          1       0       0       0       0       0       0       0       0
      Totals:         1       0       0       0       0       0       0       0       0
Total ram usage:        1 bytes
 Hardware stack levels used:    1
 This function calls:
		Nothing
 This function is called by:
		_Menu
 This function uses a non-reentrant model


 *************** function _Draw_P1 *****************
 Defined at:
		line 819 in file "main.c"
 Parameters:    Size  Location     Type
		None
 Auto vars:     Size  Location     Type
		None
 Return value:  Size  Location     Type
                  1    wreg      void 
 Registers used:
		wreg, status,2
 Tracked objects:
		On entry : 
		On exit  : 
		Unchanged: 
 Data sizes:     COMRAM   BANK0   BANK1   BANK2   BANK3   BANK4   BANK5   BANK6   BANK7
      Params:         0       0       0       0       0       0       0       0       0
      Locals:         0       0       0       0       0       0       0       0       0
      Temps:          1       0       0       0       0       0       0       0       0
      Totals:         1       0       0       0       0       0       0       0       0
Total ram usage:        1 bytes
 Hardware stack levels used:    1
 This function calls:
		Nothing
 This function is called by:
		_Menu
 This function uses a non-reentrant model


 *************** function _Close_Lock *****************
 Defined at:
		line 158 in file "main.c"
 Parameters:    Size  Location     Type
		None
 Auto vars:     Size  Location     Type
		None
 Return value:  Size  Location     Type
                  1    wreg      void 
 Registers used:
		wreg, status,2, status,0, cstack
 Tracked objects:
		On entry : 
		On exit  : 
		Unchanged: 
 Data sizes:     COMRAM   BANK0   BANK1   BANK2   BANK3   BANK4   BANK5   BANK6   BANK7
      Params:         0       0       0       0       0       0       0       0       0
      Locals:         0       0       0       0       0       0       0       0       0
      Temps:          2       0       0       0       0       0       0       0       0
      Totals:         2       0       0       0       0       0       0       0       0
Total ram usage:        2 bytes
 Hardware stack levels used:    1
 Hardware stack levels required when called:    3
 This function calls:
		_Closing
 This function is called by:
		_main
 This function uses a non-reentrant model


 *************** function _Closing *****************
 Defined at:
		line 240 in file "main.c"
 Parameters:    Size  Location     Type
		None
 Auto vars:     Size  Location     Type
		None
 Return value:  Size  Location     Type
                  1    wreg      void 
 Registers used:
		wreg, status,2, status,0, cstack
 Tracked objects:
		On entry : 
		On exit  : 
		Unchanged: 
 Data sizes:     COMRAM   BANK0   BANK1   BANK2   BANK3   BANK4   BANK5   BANK6   BANK7
      Params:         0       0       0       0       0       0       0       0       0
      Locals:         0       0       0       0       0       0       0       0       0
      Temps:          0       0       0       0       0       0       0       0       0
      Totals:         0       0       0       0       0       0       0       0       0
Total ram usage:        0 bytes
 Hardware stack levels used:    1
 Hardware stack levels required when called:    2
 This function calls:
		_Analog_Read
		_Sense_Current
 This function is called by:
		_Close_Lock
		_Open_Lock
 This function uses a non-reentrant model


 *************** function _Sense_Current *****************
 Defined at:
		line 282 in file "main.c"
 Parameters:    Size  Location     Type
		None
 Auto vars:     Size  Location     Type
		None
 Return value:  Size  Location     Type
                  1    wreg      void 
 Registers used:
		wreg, status,2, status,0, cstack
 Tracked objects:
		On entry : 
		On exit  : 
		Unchanged: 
 Data sizes:     COMRAM   BANK0   BANK1   BANK2   BANK3   BANK4   BANK5   BANK6   BANK7
      Params:         0       0       0       0       0       0       0       0       0
      Locals:         0       0       0       0       0       0       0       0       0
      Temps:          0       0       0       0       0       0       0       0       0
      Totals:         0       0       0       0       0       0       0       0       0
Total ram usage:        0 bytes
 Hardware stack levels used:    1
 Hardware stack levels required when called:    1
 This function calls:
		_Analog_Read
		_Clear
		_Draw_CL
 This function is called by:
		_Open_Lock
		_Closing
 This function uses a non-reentrant model


 *************** function _Draw_CL *****************
 Defined at:
		line 808 in file "main.c"
 Parameters:    Size  Location     Type
		None
 Auto vars:     Size  Location     Type
		None
 Return value:  Size  Location     Type
                  1    wreg      void 
 Registers used:
		wreg, status,2
 Tracked objects:
		On entry : 
		On exit  : 
		Unchanged: 
 Data sizes:     COMRAM   BANK0   BANK1   BANK2   BANK3   BANK4   BANK5   BANK6   BANK7
      Params:         0       0       0       0       0       0       0       0       0
      Locals:         0       0       0       0       0       0       0       0       0
      Temps:          0       0       0       0       0       0       0       0       0
      Totals:         0       0       0       0       0       0       0       0       0
Total ram usage:        0 bytes
 Hardware stack levels used:    1
 This function calls:
		Nothing
 This function is called by:
		_Sense_Current
 This function uses a non-reentrant model


 *************** function _Clear *****************
 Defined at:
		line 802 in file "main.c"
 Parameters:    Size  Location     Type
		None
 Auto vars:     Size  Location     Type
		None
 Return value:  Size  Location     Type
                  1    wreg      void 
 Registers used:
		wreg, status,2
 Tracked objects:
		On entry : 
		On exit  : 
		Unchanged: 
 Data sizes:     COMRAM   BANK0   BANK1   BANK2   BANK3   BANK4   BANK5   BANK6   BANK7
      Params:         0       0       0       0       0       0       0       0       0
      Locals:         0       0       0       0       0       0       0       0       0
      Temps:          0       0       0       0       0       0       0       0       0
      Totals:         0       0       0       0       0       0       0       0       0
Total ram usage:        0 bytes
 Hardware stack levels used:    1
 This function calls:
		Nothing
 This function is called by:
		_Sense_Current
		_Recording
 This function uses a non-reentrant model


 *************** function _Analog_Read *****************
 Defined at:
		line 265 in file "main.c"
 Parameters:    Size  Location     Type
		None
 Auto vars:     Size  Location     Type
		None
 Return value:  Size  Location     Type
                  2    0[COMRAM] int 
 Registers used:
		wreg, status,2, status,0
 Tracked objects:
		On entry : 
		On exit  : 
		Unchanged: 
 Data sizes:     COMRAM   BANK0   BANK1   BANK2   BANK3   BANK4   BANK5   BANK6   BANK7
      Params:         2       0       0       0       0       0       0       0       0
      Locals:         0       0       0       0       0       0       0       0       0
      Temps:          0       0       0       0       0       0       0       0       0
      Totals:         2       0       0       0       0       0       0       0       0
Total ram usage:        2 bytes
 Hardware stack levels used:    1
 This function calls:
		Nothing
 This function is called by:
		_Closing
		_Sense_Current
 This function uses a non-reentrant model



MODULE INFORMATION

Module		Function		Class		Link	Load	Size
shared
		__initialization		CODE           	71FE	0000	43

shared estimated size: 43

main.c
		_eeprom_writex 		CODE           	6D0C	0000	35
		_Sense_Current 		CODE           	6D56	0000	41
		_Menu_P2       		CODE           	7A48	0000	733
		_Close_Lock    		CODE           	728E	0000	131
		_Recording     		CODE           	7310	0000	139
		_Draw_2        		CODE           	703A	0000	51
		_Draw_P1       		CODE           	6D7E	0000	51
		_Draw_5        		CODE           	70D0	0000	51
		_Draw_12       		CODE           	6F72	0000	51
		_Draw_8        		CODE           	7166	0000	51
		_Draw_P4       		CODE           	6E14	0000	51
		_main          		CODE           	7232	0000	93
		_Draw_15       		CODE           	7008	0000	51
		_Draw_CL       		CODE           	6CEA	0000	35
		_Clear         		CODE           	6CD2	0000	11
		_Menu_P1       		CODE           	751A	0000	229
		_Draw_Save_Dot_One		CODE           	6EAA	0000	51
		_Menu_P4       		CODE           	7D24	0000	733
		_Analog_Read   		CODE           	6D2E	0000	41
		_Draw_0        		CODE           	6E46	0000	51
		_Closing       		CODE           	739A	0000	171
		_Draw_3        		CODE           	706C	0000	51
		_Draw_11       		CODE           	6F40	0000	51
		_Draw_6        		CODE           	7102	0000	51
		_Draw_P3       		CODE           	6DE2	0000	51
		_Draw_9        		CODE           	7198	0000	51
		_Draw_Save_Dot_Two		CODE           	6EDC	0000	51
		_Draw_14       		CODE           	6FD6	0000	51
		_Exit_Time_Menu		CODE           	71CA	0000	53
		_Menu_P3       		CODE           	75FE	0000	229
		_Draw_1        		CODE           	6E78	0000	51
		_Menu          		CODE           	76E2	0000	407
		_Draw_10       		CODE           	6F0E	0000	51
		_Draw_4        		CODE           	709E	0000	51
		_Draw_P2       		CODE           	6DB0	0000	51
		_Draw_7        		CODE           	7134	0000	51
		_Draw_13       		CODE           	6FA4	0000	51
		_eeprom_readx  		CODE           	6CDC	0000	15
		_Open_Lock     		CODE           	7878	0000	465
		_Menu_In       		CODE           	7444	0000	215

main.c estimated size: 4898

